<html>
<body>
<pre>
<h1>礦ision Build Log</h1>
<h2>Tool Versions:</h2>
IDE-Version: μVision V5.21.1.0
Copyright (C) 2016 ARM Ltd and ARM Germany GmbH. All rights reserved.
License Information: 11 Administrator, 11, LIC=8VRDY-IM2Y6-114PY-IYM38-C4LU2-JASLW
 
Tool Versions:
Toolchain:       MDK-ARM Plus  Version: 5.21a
Toolchain Path:  H:\keil5\ARM\ARMCC\Bin
C Compiler:      Armcc.exe V5.06 update 3 (build 300)
Assembler:       Armasm.exe V5.06 update 3 (build 300)
Linker/Locator:  ArmLink.exe V5.06 update 3 (build 300)
Library Manager: ArmAr.exe V5.06 update 3 (build 300)
Hex Converter:   FromElf.exe V5.06 update 3 (build 300)
CPU DLL:         SARMCM3.DLL V5.21a
Dialog DLL:      DCM.DLL V1.13.8.0
Target DLL:      STLink\ST-LINKIII-KEIL_SWO.dll V2.0.18.0
Dialog DLL:      TCM.DLL V1.14.14.0
 
<h2>Project:</h2>
F:\毕设\毕业设计\硬件资料\0.96寸 oled资料\oled资料\I2C\MDK-ARM\I2C.uvprojx
Project File Date:  12/26/2019

<h2>Output:</h2>
*** Using Compiler 'V5.06 update 3 (build 300)', folder: 'H:\keil5\ARM\ARMCC\Bin'
Build target 'I2C'
compiling main.c...
../Src/main.c(118): warning:  #177-D: variable "A" was declared but never referenced
  	uint8_t A[]="hellow world !!";
../Src/main.c: 1 warning, 0 errors
linking...
Program Size: Code=4638 RO-data=2366 RW-data=748 ZI-data=1108  
FromELF: creating hex file...
"I2C\I2C.axf" - 0 Error(s), 1 Warning(s).

<h2>Software Packages used:</h2>

Package Vendor: ARM
                http://www.keil.com/pack/ARM.CMSIS.4.5.0.pack
                ARM::CMSIS:CORE:4.3.0
                CMSIS (Cortex Microcontroller Software Interface Standard)
   * Component: CORE Version: 4.3.0

<h2>Collection of Component include folders:</h2>
  F:\毕设\毕业设计\硬件资料\0.96寸 oled资料\oled资料\I2C\MDK-ARM\RTE
  H:\keil5\ARM\PACK\ARM\CMSIS\4.5.0\CMSIS\Include
  H:\keil5\ARM\PACK\Keil\STM32F1xx_DFP\2.2.0\Device\Include

<h2>Collection of Component Files used:</h2>

   * Component: ARM::CMSIS:CORE:4.3.0
Build Time Elapsed:  00:00:02
</pre>
</body>
</html>
