Component: ARM Compiler 5.06 update 3 (build 300) Tool: armlink [4d35c9]

==============================================================================

Section Cross References

    main.o(.text) refers to timer.o(.text) for TIM3_Int_Init
    main.o(.text) refers to usart.o(.text) for uart_init
    main.o(.text) refers to rt_memclr.o(.text) for __aeabi_memclr
    main.o(.text) refers to gizwits_protocol.o(.text) for gizwitsInit
    main.o(.text) refers to dht11.o(.text) for DHT11_Read_Data
    main.o(.text) refers to oled.o(.text) for OLED_ShowNum
    main.o(.text) refers to bh1750.o(.text) for BH1750_ReadContinuous1
    main.o(.text) refers to delay.o(.text) for delay_ms
    main.o(.text) refers to misc.o(.text) for NVIC_PriorityGroupConfig
    main.o(.text) refers to led.o(.text) for LED_Init
    main.o(.text) refers to beep.o(.text) for BEEP_Init
    main.o(.text) refers to main.o(.bss) for currentDataPoint
    main.o(.text) refers to gizwits_product.o(.data) for timeuser
    main.o(.text) refers to main.o(.data) for hum
    system_stm32f10x.o(.text) refers to system_stm32f10x.o(.data) for SystemCoreClock
    led.o(.text) refers to stm32f10x_rcc.o(.text) for RCC_APB2PeriphClockCmd
    led.o(.text) refers to stm32f10x_gpio.o(.text) for GPIO_Init
    timer.o(.text) refers to stm32f10x_rcc.o(.text) for RCC_APB1PeriphClockCmd
    timer.o(.text) refers to stm32f10x_tim.o(.text) for TIM_TimeBaseInit
    timer.o(.text) refers to misc.o(.text) for NVIC_Init
    timer.o(.text) refers to gizwits_product.o(.text) for gizTimerMs
    usart3.o(.text) refers to stm32f10x_usart.o(.text) for USART_GetITStatus
    usart3.o(.text) refers to gizwits_protocol.o(.text) for gizPutData
    usart3.o(.text) refers to stm32f10x_rcc.o(.text) for RCC_APB2PeriphClockCmd
    usart3.o(.text) refers to stm32f10x_gpio.o(.text) for GPIO_Init
    usart3.o(.text) refers to misc.o(.text) for NVIC_Init
    beep.o(.text) refers to stm32f10x_rcc.o(.text) for RCC_APB2PeriphClockCmd
    beep.o(.text) refers to stm32f10x_gpio.o(.text) for GPIO_Init
    dht11.o(.text) refers to delay.o(.text) for delay_ms
    dht11.o(.text) refers to stm32f10x_rcc.o(.text) for RCC_APB2PeriphClockCmd
    dht11.o(.text) refers to stm32f10x_gpio.o(.text) for GPIO_Init
    oled.o(.text) refers to stm32f10x_gpio.o(.text) for GPIO_SetBits
    oled.o(.text) refers to oled.o(.constdata) for F8X16
    oled.o(.text) refers to stm32f10x_rcc.o(.text) for RCC_APB2PeriphClockCmd
    oled.o(.text) refers to delay.o(.text) for delay_ms
    oled.o(.text) refers to oled.o(.data) for Hzk
    delay.o(.text) refers to misc.o(.text) for SysTick_CLKSourceConfig
    delay.o(.text) refers to system_stm32f10x.o(.data) for SystemCoreClock
    delay.o(.text) refers to delay.o(.data) for fac_us
    usart.o(.text) refers (Special) to use_no_semi_2.o(.text) for __use_no_semihosting
    usart.o(.text) refers to stm32f10x_rcc.o(.text) for RCC_APB2PeriphClockCmd
    usart.o(.text) refers to stm32f10x_gpio.o(.text) for GPIO_Init
    usart.o(.text) refers to misc.o(.text) for NVIC_Init
    usart.o(.text) refers to stm32f10x_usart.o(.text) for USART_Init
    usart.o(.text) refers to gizwits_protocol.o(.text) for gizPutData
    usart.o(.bss) refers (Special) to use_no_semi_2.o(.text) for __use_no_semihosting
    usart.o(.data) refers (Special) to use_no_semi_2.o(.text) for __use_no_semihosting
    startup_stm32f10x_hd.o(STACK) refers (Special) to heapauxi.o(.text) for __use_two_region_memory
    startup_stm32f10x_hd.o(HEAP) refers (Special) to heapauxi.o(.text) for __use_two_region_memory
    startup_stm32f10x_hd.o(RESET) refers (Special) to heapauxi.o(.text) for __use_two_region_memory
    startup_stm32f10x_hd.o(RESET) refers to startup_stm32f10x_hd.o(STACK) for __initial_sp
    startup_stm32f10x_hd.o(RESET) refers to startup_stm32f10x_hd.o(.text) for Reset_Handler
    startup_stm32f10x_hd.o(RESET) refers to stm32f10x_it.o(.text) for NMI_Handler
    startup_stm32f10x_hd.o(RESET) refers to timer.o(.text) for TIM3_IRQHandler
    startup_stm32f10x_hd.o(RESET) refers to usart.o(.text) for USART1_IRQHandler
    startup_stm32f10x_hd.o(RESET) refers to usart3.o(.text) for USART3_IRQHandler
    startup_stm32f10x_hd.o(.text) refers (Special) to heapauxi.o(.text) for __use_two_region_memory
    startup_stm32f10x_hd.o(.text) refers to system_stm32f10x.o(.text) for SystemInit
    startup_stm32f10x_hd.o(.text) refers to __main.o(!!!main) for __main
    startup_stm32f10x_hd.o(.text) refers to startup_stm32f10x_hd.o(HEAP) for Heap_Mem
    startup_stm32f10x_hd.o(.text) refers to startup_stm32f10x_hd.o(STACK) for Stack_Mem
    stm32f10x_gpio.o(.text) refers to stm32f10x_rcc.o(.text) for RCC_APB2PeriphResetCmd
    stm32f10x_rcc.o(.text) refers to stm32f10x_rcc.o(.data) for APBAHBPrescTable
    stm32f10x_tim.o(.text) refers to stm32f10x_rcc.o(.text) for RCC_APB2PeriphResetCmd
    stm32f10x_usart.o(.text) refers to stm32f10x_rcc.o(.text) for RCC_APB2PeriphResetCmd
[...]
    .ARM.Collect$$_printf_percent$$0000000C  0x080001f2   Section        6  _printf_x.o(.ARM.Collect$$_printf_percent$$0000000C)
    .ARM.Collect$$_printf_percent$$00000017  0x080001f8   Section        4  _printf_percent_end.o(.ARM.Collect$$_printf_percent$$00000017)
    .ARM.Collect$$libinit$$00000000          0x080001fc   Section        2  libinit.o(.ARM.Collect$$libinit$$00000000)
    .ARM.Collect$$libinit$$00000002          0x080001fe   Section        0  libinit2.o(.ARM.Collect$$libinit$$00000002)
    .ARM.Collect$$libinit$$00000004          0x080001fe   Section        0  libinit2.o(.ARM.Collect$$libinit$$00000004)
    .ARM.Collect$$libinit$$0000000A          0x080001fe   Section        0  libinit2.o(.ARM.Collect$$libinit$$0000000A)
    .ARM.Collect$$libinit$$0000000C          0x080001fe   Section        0  libinit2.o(.ARM.Collect$$libinit$$0000000C)
    .ARM.Collect$$libinit$$0000000E          0x080001fe   Section        0  libinit2.o(.ARM.Collect$$libinit$$0000000E)
    .ARM.Collect$$libinit$$0000000F          0x080001fe   Section        6  libinit2.o(.ARM.Collect$$libinit$$0000000F)
    .ARM.Collect$$libinit$$00000011          0x08000204   Section        0  libinit2.o(.ARM.Collect$$libinit$$00000011)
    .ARM.Collect$$libinit$$00000012          0x08000204   Section       12  libinit2.o(.ARM.Collect$$libinit$$00000012)
    .ARM.Collect$$libinit$$00000013          0x08000210   Section        0  libinit2.o(.ARM.Collect$$libinit$$00000013)
    .ARM.Collect$$libinit$$00000015          0x08000210   Section        0  libinit2.o(.ARM.Collect$$libinit$$00000015)
    .ARM.Collect$$libinit$$00000017          0x08000210   Section        0  libinit2.o(.ARM.Collect$$libinit$$00000017)
    .ARM.Collect$$libinit$$00000019          0x08000210   Section        0  libinit2.o(.ARM.Collect$$libinit$$00000019)
    .ARM.Collect$$libinit$$0000001B          0x08000210   Section        0  libinit2.o(.ARM.Collect$$libinit$$0000001B)
    .ARM.Collect$$libinit$$0000001D          0x08000210   Section        0  libinit2.o(.ARM.Collect$$libinit$$0000001D)
    .ARM.Collect$$libinit$$0000001F          0x08000210   Section        0  libinit2.o(.ARM.Collect$$libinit$$0000001F)
    .ARM.Collect$$libinit$$00000021          0x08000210   Section        0  libinit2.o(.ARM.Collect$$libinit$$00000021)
    .ARM.Collect$$libinit$$00000023          0x08000210   Section        0  libinit2.o(.ARM.Collect$$libinit$$00000023)
    .ARM.Collect$$libinit$$00000025          0x08000210   Section        0  libinit2.o(.ARM.Collect$$libinit$$00000025)
    .ARM.Collect$$libinit$$0000002C          0x08000210   Section        0  libinit2.o(.ARM.Collect$$libinit$$0000002C)
    .ARM.Collect$$libinit$$0000002E          0x08000210   Section        0  libinit2.o(.ARM.Collect$$libinit$$0000002E)
    .ARM.Collect$$libinit$$00000030          0x08000210   Section        0  libinit2.o(.ARM.Collect$$libinit$$00000030)
    .ARM.Collect$$libinit$$00000032          0x08000210   Section        0  libinit2.o(.ARM.Collect$$libinit$$00000032)
    .ARM.Collect$$libinit$$00000033          0x08000210   Section        2  libinit2.o(.ARM.Collect$$libinit$$00000033)
    .ARM.Collect$$libshutdown$$00000000      0x08000212   Section        2  libshutdown.o(.ARM.Collect$$libshutdown$$00000000)
    .ARM.Collect$$libshutdown$$00000002      0x08000214   Section        0  libshutdown2.o(.ARM.Collect$$libshutdown$$00000002)
    .ARM.Collect$$libshutdown$$00000004      0x08000214   Section        0  libshutdown2.o(.ARM.Collect$$libshutdown$$00000004)
    .ARM.Collect$$libshutdown$$00000007      0x08000214   Section        0  libshutdown2.o(.ARM.Collect$$libshutdown$$00000007)
    .ARM.Collect$$libshutdown$$0000000A      0x08000214   Section        0  libshutdown2.o(.ARM.Collect$$libshutdown$$0000000A)
    .ARM.Collect$$libshutdown$$0000000C      0x08000214   Section        0  libshutdown2.o(.ARM.Collect$$libshutdown$$0000000C)
    .ARM.Collect$$libshutdown$$0000000F      0x08000214   Section        0  libshutdown2.o(.ARM.Collect$$libshutdown$$0000000F)
    .ARM.Collect$$libshutdown$$00000010      0x08000214   Section        2  libshutdown2.o(.ARM.Collect$$libshutdown$$00000010)
    .ARM.Collect$$rtentry$$00000000          0x08000216   Section        0  __rtentry.o(.ARM.Collect$$rtentry$$00000000)
    .ARM.Collect$$rtentry$$00000002          0x08000216   Section        0  __rtentry2.o(.ARM.Collect$$rtentry$$00000002)
    .ARM.Collect$$rtentry$$00000004          0x08000216   Section        6  __rtentry4.o(.ARM.Collect$$rtentry$$00000004)
    .ARM.Collect$$rtentry$$00000009          0x0800021c   Section        0  __rtentry2.o(.ARM.Collect$$rtentry$$00000009)
    .ARM.Collect$$rtentry$$0000000A          0x0800021c   Section        4  __rtentry2.o(.ARM.Collect$$rtentry$$0000000A)
    .ARM.Collect$$rtentry$$0000000C          0x08000220   Section        0  __rtentry2.o(.ARM.Collect$$rtentry$$0000000C)
    .ARM.Collect$$rtentry$$0000000D          0x08000220   Section        8  __rtentry2.o(.ARM.Collect$$rtentry$$0000000D)
    .ARM.Collect$$rtexit$$00000000           0x08000228   Section        2  rtexit.o(.ARM.Collect$$rtexit$$00000000)
    .ARM.Collect$$rtexit$$00000002           0x0800022a   Section        0  rtexit2.o(.ARM.Collect$$rtexit$$00000002)
    .ARM.Collect$$rtexit$$00000003           0x0800022a   Section        4  rtexit2.o(.ARM.Collect$$rtexit$$00000003)
    .ARM.Collect$$rtexit$$00000004           0x0800022e   Section        6  rtexit2.o(.ARM.Collect$$rtexit$$00000004)
    .text                                    0x08000234   Section        0  main.o(.text)
    .text                                    0x08000538   Section        0  stm32f10x_it.o(.text)
    .text                                    0x08000554   Section        0  system_stm32f10x.o(.text)
    SetSysClockTo72                          0x08000555   Thumb Code   214  system_stm32f10x.o(.text)
    SetSysClock                              0x0800062b   Thumb Code     8  system_stm32f10x.o(.text)
    .text                                    0x08000734   Section        0  led.o(.text)
    .text                                    0x08000780   Section        0  timer.o(.text)
    .text                                    0x080007f8   Section        0  usart3.o(.text)
    .text                                    0x080008c8   Section        0  beep.o(.text)
    .text                                    0x080008f4   Section        0  dht11.o(.text)
    .text                                    0x08000a88   Section        0  oled.o(.text)
    .text                                    0x080010c4   Section        0  delay.o(.text)
    .text                                    0x08001198   Section        0  usart.o(.text)
    .text                                    0x08001278   Section       64  startup_stm32f10x_hd.o(.text)
    .text                                    0x080012b8   Section        0  misc.o(.text)
    .text                                    0x08001394   Section        0  stm32f10x_gpio.o(.text)
    .text                                    0x080016f0   Section        0  stm32f10x_rcc.o(.text)
    .text                                    0x08001a94   Section        0  stm32f10x_tim.o(.text)
    TI4_Config                               0x08001f3b   Thumb Code   130  stm32f10x_tim.o(.text)
    TI3_Config                               0x08001fcf   Thumb Code   122  stm32f10x_tim.o(.text)
    TI2_Config                               0x08002063   Thumb Code   130  stm32f10x_tim.o(.text)
    TI1_Config                               0x080020f7   Thumb Code   108  stm32f10x_tim.o(.text)
    .text                                    0x080028b0   Section        0  stm32f10x_usart.o(.text)
    .text                                    0x08002cb8   Section        0  gizwits_product.o(.text)
    .text                                    0x08003094   Section        0  gizwits_protocol.o(.text)
    gizProtocolHeadInit                      0x080030c9   Thumb Code    34  gizwits_protocol.o(.text)
    gizProtocolWaitAck                       0x080030eb   Thumb Code    70  gizwits_protocol.o(.text)
    gizDataPoint2Event                       0x08003131   Thumb Code   290  gizwits_protocol.o(.text)
    gizCheckReport                           0x08003253   Thumb Code   288  gizwits_protocol.o(.text)
    gizDataPoints2ReportData                 0x08003373   Thumb Code   766  gizwits_protocol.o(.text)
    gizProtocolIssuedProcess                 0x08003671   Thumb Code   228  gizwits_protocol.o(.text)
    gizProtocolIssuedDataAck                 0x08003755   Thumb Code   226  gizwits_protocol.o(.text)
    gizReportData                            0x08003837   Thumb Code   144  gizwits_protocol.o(.text)
    gizDevReportPolicy                       0x080038c7   Thumb Code   134  gizwits_protocol.o(.text)
    gizProtocolGetOnePacket                  0x0800394d   Thumb Code   690  gizwits_protocol.o(.text)
    gizProtocolResendData                    0x08003bff   Thumb Code    64  gizwits_protocol.o(.text)
    gizProtocolWaitAckCheck                  0x08003c3f   Thumb Code    48  gizwits_protocol.o(.text)
    gizProtocolCommonAck                     0x08003c6f   Thumb Code    88  gizwits_protocol.o(.text)
    gizProtocolAckHandle                     0x08003cc7   Thumb Code    94  gizwits_protocol.o(.text)
    gizProtocolGetDeviceInfo                 0x08003d25   Thumb Code   184  gizwits_protocol.o(.text)
    gizProtocolErrorCmd                      0x08003ddd   Thumb Code    92  gizwits_protocol.o(.text)
    gizProtocolNTP                           0x08003e39   Thumb Code   102  gizwits_protocol.o(.text)
    gizProtocolReboot                        0x08003e9f   Thumb Code    28  gizwits_protocol.o(.text)
    gizProtocolModuleStatus                  0x08003ebb   Thumb Code  1358  gizwits_protocol.o(.text)
    gizProtocolModuleInfoHandle              0x080048d9   Thumb Code    66  gizwits_protocol.o(.text)
    .text                                    0x08004dac   Section        0  common.o(.text)
    isleap                                   0x08004f3d   Thumb Code    52  common.o(.text)
    get_yeardays                             0x08004f71   Thumb Code    24  common.o(.text)
    .text                                    0x08005144   Section        0  datapointtools.o(.text)
    .text                                    0x08005490   Section        0  ringbuffer.o(.text)
    .text                                    0x08005660   Section        0  bh1750.o(.text)
    .text                                    0x08005808   Section        0  iic.o(.text)
    .text                                    0x08005abc   Section        2  use_no_semi_2.o(.text)
    .text                                    0x08005abe   Section        0  toupper.o(.text)
    .text                                    0x08005adc   Section        0  noretval__2printf.o(.text)
    .text                                    0x08005af4   Section        0  _printf_pad.o(.text)
    .text                                    0x08005b44   Section        0  _printf_dec.o(.text)
    .text                                    0x08005bbc   Section        0  _printf_hex_int.o(.text)
    .text                                    0x08005c14   Section        0  __printf_flags_wp.o(.text)
    .text                                    0x08005d4c   Section        0  strlen.o(.text)
    .text                                    0x08005d8a   Section      138  rt_memcpy_v6.o(.text)
    .text                                    0x08005e14   Section      100  rt_memcpy_w.o(.text)
    .text                                    0x08005e78   Section       68  rt_memclr.o(.text)
    .text                                    0x08005ebc   Section        0  heapauxi.o(.text)
    .text                                    0x08005ec2   Section        2  use_no_semi.o(.text)
    .text                                    0x08005ec4   Section       16  rt_ctype_table.o(.text)
    .text                                    0x08005ed4   Section        0  _printf_intcommon.o(.text)
    .text                                    0x08005f88   Section        0  _printf_char_file.o(.text)
    .text                                    0x08005fac   Section       78  rt_memclr_w.o(.text)
    .text                                    0x08005ffc   Section        8  rt_locale_intlibspace.o(.text)
    .text                                    0x08006004   Section        0  _printf_char_common.o(.text)
    _printf_input_char                       0x08006005   Thumb Code    10  _printf_char_common.o(.text)
    .text                                    0x08006034   Section        0  ferror.o(.text)
    .text                                    0x0800603c   Section        8  libspace.o(.text)
    .text                                    0x08006044   Section       74  sys_stackheap_outer.o(.text)
    .text                                    0x0800608e   Section        0  exit.o(.text)
    .text                                    0x080060a0   Section      128  strcmpv7m.o(.text)
    i._is_digit                              0x08006120   Section        0  __printf_wp.o(i._is_digit)
    locale$$code                             0x08006130   Section       44  lc_ctype_c.o(locale$$code)
    x$fpl$ddiv                               0x0800615c   Section      688  ddiv.o(x$fpl$ddiv)
    ddiv_entry                               0x08006163   Thumb Code     0  ddiv.o(x$fpl$ddiv)
    x$fpl$dfixu                              0x0800640c   Section       90  dfixu.o(x$fpl$dfixu)
    x$fpl$dnaninf                            0x08006466   Section      156  dnaninf.o(x$fpl$dnaninf)
    x$fpl$dretinf                            0x08006502   Section       12  dretinf.o(x$fpl$dretinf)
    x$fpl$f2d                                0x08006510   Section       86  f2d.o(x$fpl$f2d)
    x$fpl$fadd                               0x08006568   Section      196  faddsub_clz.o(x$fpl$fadd)
    _fadd1                                   0x08006577   Thumb Code     0  faddsub_clz.o(x$fpl$fadd)
    x$fpl$fdiv                               0x0800662c   Section      388  fdiv.o(x$fpl$fdiv)
    _fdiv1                                   0x0800662d   Thumb Code     0  fdiv.o(x$fpl$fdiv)
    x$fpl$ffixu                              0x080067b0   Section       62  ffixu.o(x$fpl$ffixu)
    x$fpl$ffltu                              0x080067f0   Section       38  fflt_clz.o(x$fpl$ffltu)
    x$fpl$fmul                               0x08006818   Section      258  fmul.o(x$fpl$fmul)
    x$fpl$fnaninf                            0x0800691a   Section      140  fnaninf.o(x$fpl$fnaninf)
    x$fpl$fretinf                            0x080069a6   Section       10  fretinf.o(x$fpl$fretinf)
    x$fpl$fsub                               0x080069b0   Section      234  faddsub_clz.o(x$fpl$fsub)
    _fsub1                                   0x080069bf   Thumb Code     0  faddsub_clz.o(x$fpl$fsub)
    .constdata                               0x08006a9a   Section     2072  oled.o(.constdata)
    x$fpl$usenofp                            0x08006a9a   Section        0  usenofp.o(x$fpl$usenofp)
    .constdata                               0x080072b4   Section       48  common.o(.constdata)
    .constdata                               0x080072e4   Section       40  _printf_hex_int.o(.constdata)
    uc_hextab                                0x080072e4   Data          20  _printf_hex_int.o(.constdata)
    lc_hextab                                0x080072f8   Data          20  _printf_hex_int.o(.constdata)
    .constdata                               0x0800730c   Section       17  __printf_flags_wp.o(.constdata)
    maptable                                 0x0800730c   Data          17  __printf_flags_wp.o(.constdata)
    locale$$data                             0x08007340   Section      272  lc_ctype_c.o(locale$$data)
    __lcctype_c_name                         0x08007344   Data           2  lc_ctype_c.o(locale$$data)
    __lcctype_c_start                        0x0800734c   Data           0  lc_ctype_c.o(locale$$data)
    __lcctype_c_end                          0x08007450   Data           0  lc_ctype_c.o(locale$$data)
    .data                                    0x20000000   Section        4  main.o(.data)
    GQ_Data                                  0x20000000   Data           2  main.o(.data)
    temp                                     0x20000002   Data           1  main.o(.data)
    hum                                      0x20000003   Data           1  main.o(.data)
    .data                                    0x20000004   Section       20  system_stm32f10x.o(.data)
    .data                                    0x20000018   Section     4800  oled.o(.data)
    .data                                    0x200012d8   Section        4  delay.o(.data)
    fac_us                                   0x200012d8   Data           1  delay.o(.data)
    fac_ms                                   0x200012da   Data           2  delay.o(.data)
    .data                                    0x200012dc   Section        6  usart.o(.data)
    .data                                    0x200012e2   Section       20  stm32f10x_rcc.o(.data)
    APBAHBPrescTable                         0x200012e2   Data          16  stm32f10x_rcc.o(.data)
    ADCPrescTable                            0x200012f2   Data           4  stm32f10x_rcc.o(.data)
    .data                                    0x200012f8   Section        8  gizwits_product.o(.data)
    timerMsCount                             0x200012f8   Data           4  gizwits_product.o(.data)
    .data                                    0x20001300   Section       16  gizwits_protocol.o(.data)
    lastReportTime                           0x20001300   Data           4  gizwits_protocol.o(.data)
    lastRepTime                              0x20001304   Data           4  gizwits_protocol.o(.data)
    protocolFlag                             0x20001308   Data           1  gizwits_protocol.o(.data)
    protocolCount                            0x2000130a   Data           2  gizwits_protocol.o(.data)
    lastData                                 0x2000130c   Data           1  gizwits_protocol.o(.data)
    debugCount                               0x2000130d   Data           1  gizwits_protocol.o(.data)
    lastStatus                               0x2000130e   Data           2  gizwits_protocol.o(.data)
    .data                                    0x20001310   Section       16  bh1750.o(.data)
    lux                                      0x2000131c   Data           4  bh1750.o(.data)
    .bss                                     0x20001320   Section       29  main.o(.bss)
    .bss                                     0x2000133d   Section      434  gizwits_protocol.o(.bss)
    rbBuf                                    0x200014b1   Data          62  gizwits_protocol.o(.bss)
    .bss                                     0x200014f0   Section       96  libspace.o(.bss)
    HEAP                                     0x20001550   Section      512  startup_stm32f10x_hd.o(HEAP)
    Heap_Mem                                 0x20001550   Data         512  startup_stm32f10x_hd.o(HEAP)
    STACK                                    0x20001750   Section     4096  startup_stm32f10x_hd.o(STACK)
    Stack_Mem                                0x20001750   Data        4096  startup_stm32f10x_hd.o(STACK)
    __initial_sp                             0x20002750   Data           0  startup_stm32f10x_hd.o(STACK)

    Global Symbols

    Symbol Name                              Value     Ov Type        Size  Object(Section)

    BuildAttributes$$THM_ISAv4$P$D$K$B$S$PE$A:L22UL41UL21$X:L11$S22US41US21$IEEE1$IW$USESV6$~STKCKD$USESV7$~SHL$OSPACE$ROPI$EBA8$UX$STANDARDLIB$REQ8$PRES8$EABIv2 0x00000000   Number         0  anon$$obj.o ABSOLUTE
    __ARM_use_no_argv                        0x00000000   Number         0  main.o ABSOLUTE
    _printf_flags                            0x00000000   Number         0  printf_stubs.o ABSOLUTE
    _printf_return_value                     0x00000000   Number         0  printf_stubs.o ABSOLUTE
    _printf_sizespec                         0x00000000   Number         0  printf_stubs.o ABSOLUTE
    _printf_widthprec                        0x00000000   Number         0  printf_stubs.o ABSOLUTE
    __ARM_exceptions_init                     - Undefined Weak Reference
    __alloca_initialize                       - Undefined Weak Reference
    __arm_preinit_                            - Undefined Weak Reference
    __cpp_initialize__aeabi_                  - Undefined Weak Reference
    __cxa_finalize                            - Undefined Weak Reference
    __sigvec_lookup                           - Undefined Weak Reference
    _atexit_init                              - Undefined Weak Reference
    _call_atexit_fns                          - Undefined Weak Reference
    _clock_init                               - Undefined Weak Reference
    _fp_trap_init                             - Undefined Weak Reference
    _fp_trap_shutdown                         - Undefined Weak Reference
    _get_lc_collate                           - Undefined Weak Reference
    _get_lc_monetary                          - Undefined Weak Reference
    _get_lc_numeric                           - Undefined Weak Reference
    _get_lc_time                              - Undefined Weak Reference
    _getenv_init                              - Undefined Weak Reference
    _handle_redirection                       - Undefined Weak Reference
    _init_alloc                               - Undefined Weak Reference
    _init_user_alloc                          - Undefined Weak Reference
    _initio                                   - Undefined Weak Reference
    _mutex_acquire                            - Undefined Weak Reference
    _mutex_release                            - Undefined Weak Reference
    _printf_truncate_signed                   - Undefined Weak Reference
    _printf_truncate_unsigned                 - Undefined Weak Reference
    _rand_init                                - Undefined Weak Reference
    _signal_finish                            - Undefined Weak Reference
    _signal_init                              - Undefined Weak Reference
    _terminate_alloc                          - Undefined Weak Reference
    _terminate_user_alloc                     - Undefined Weak Reference
    _terminateio                              - Undefined Weak Reference
    __Vectors_Size                           0x00000130   Number         0  startup_stm32f10x_hd.o ABSOLUTE
    __Vectors                                0x08000000   Data           4  startup_stm32f10x_hd.o(RESET)
    __Vectors_End                            0x08000130   Data           0  startup_stm32f10x_hd.o(RESET)
    __main                                   0x08000131   Thumb Code     8  __main.o(!!!main)
    __scatterload                            0x08000139   Thumb Code     0  __scatter.o(!!!scatter)
    __scatterload_rt2                        0x08000139   Thumb Code    44  __scatter.o(!!!scatter)
    __scatterload_rt2_thumb_only             0x08000139   Thumb Code     0  __scatter.o(!!!scatter)
    __scatterload_null                       0x08000147   Thumb Code     0  __scatter.o(!!!scatter)
    __decompress                             0x0800016d   Thumb Code   100  __dclz77c.o(!!dclz77c)
    __decompress2                            0x0800016d   Thumb Code     0  __dclz77c.o(!!dclz77c)
    __scatterload_zeroinit                   0x080001d1   Thumb Code    28  __scatter_zi.o(!!handler_zi)
    _printf_d                                0x080001ed   Thumb Code     0  _printf_d.o(.ARM.Collect$$_printf_percent$$00000009)
    _printf_percent                          0x080001ed   Thumb Code     0  _printf_percent.o(.ARM.Collect$$_printf_percent$$00000000)
    _printf_x                                0x080001f3   Thumb Code     0  _printf_x.o(.ARM.Collect$$_printf_percent$$0000000C)
    _printf_percent_end                      0x080001f9   Thumb Code     0  _printf_percent_end.o(.ARM.Collect$$_printf_percent$$00000017)
    __rt_lib_init                            0x080001fd   Thumb Code     0  libinit.o(.ARM.Collect$$libinit$$00000000)
    __rt_lib_init_fp_1                       0x080001ff   Thumb Code     0  libinit2.o(.ARM.Collect$$libinit$$00000002)
    __rt_lib_init_heap_1                     0x080001ff   Thumb Code     0  libinit2.o(.ARM.Collect$$libinit$$0000000A)
    __rt_lib_init_lc_common                  0x080001ff   Thumb Code     0  libinit2.o(.ARM.Collect$$libinit$$0000000F)
    __rt_lib_init_preinit_1                  0x080001ff   Thumb Code     0  libinit2.o(.ARM.Collect$$libinit$$00000004)
    __rt_lib_init_rand_1                     0x080001ff   Thumb Code     0  libinit2.o(.ARM.Collect$$libinit$$0000000E)
    __rt_lib_init_user_alloc_1               0x080001ff   Thumb Code     0  libinit2.o(.ARM.Collect$$libinit$$0000000C)
    __rt_lib_init_lc_collate_1               0x08000205   Thumb Code     0  libinit2.o(.ARM.Collect$$libinit$$00000011)
    __rt_lib_init_lc_ctype_2                 0x08000205   Thumb Code     0  libinit2.o(.ARM.Collect$$libinit$$00000012)
    __rt_lib_init_alloca_1                   0x08000211   Thumb Code     0  libinit2.o(.ARM.Collect$$libinit$$0000002E)
    __rt_lib_init_argv_1                     0x08000211   Thumb Code     0  libinit2.o(.ARM.Collect$$libinit$$0000002C)
    __rt_lib_init_atexit_1                   0x08000211   Thumb Code     0  libinit2.o(.ARM.Collect$$libinit$$0000001B)
    __rt_lib_init_clock_1                    0x08000211   Thumb Code     0  libinit2.o(.ARM.Collect$$libinit$$00000021)
    __rt_lib_init_cpp_1                      0x08000211   Thumb Code     0  libinit2.o(.ARM.Collect$$libinit$$00000032)
    __rt_lib_init_exceptions_1               0x08000211   Thumb Code     0  libinit2.o(.ARM.Collect$$libinit$$00000030)
    __rt_lib_init_fp_trap_1                  0x08000211   Thumb Code     0  libinit2.o(.ARM.Collect$$libinit$$0000001F)
    __rt_lib_init_getenv_1                   0x08000211   Thumb Code     0  libinit2.o(.ARM.Collect$$libinit$$00000023)
    __rt_lib_init_lc_ctype_1                 0x08000211   Thumb Code     0  libinit2.o(.ARM.Collect$$libinit$$00000013)
    __rt_lib_init_lc_monetary_1              0x08000211   Thumb Code     0  libinit2.o(.ARM.Collect$$libinit$$00000015)
    __rt_lib_init_lc_numeric_1               0x08000211   Thumb Code     0  libinit2.o(.ARM.Collect$$libinit$$00000017)
    __rt_lib_init_lc_time_1                  0x08000211   Thumb Code     0  libinit2.o(.ARM.Collect$$libinit$$00000019)
    __rt_lib_init_return                     0x08000211   Thumb Code     0  libinit2.o(.ARM.Collect$$libinit$$00000033)
    __rt_lib_init_signal_1                   0x08000211   Thumb Code     0  libinit2.o(.ARM.Collect$$libinit$$0000001D)
    __rt_lib_init_stdio_1                    0x08000211   Thumb Code     0  libinit2.o(.ARM.Collect$$libinit$$00000025)
    __rt_lib_shutdown                        0x08000213   Thumb Code     0  libshutdown.o(.ARM.Collect$$libshutdown$$00000000)
    __rt_lib_shutdown_cpp_1                  0x08000215   Thumb Code     0  libshutdown2.o(.ARM.Collect$$libshutdown$$00000002)
    __rt_lib_shutdown_fp_trap_1              0x08000215   Thumb Code     0  libshutdown2.o(.ARM.Collect$$libshutdown$$00000007)
    __rt_lib_shutdown_heap_1                 0x08000215   Thumb Code     0  libshutdown2.o(.ARM.Collect$$libshutdown$$0000000F)
    __rt_lib_shutdown_return                 0x08000215   Thumb Code     0  libshutdown2.o(.ARM.Collect$$libshutdown$$00000010)
    __rt_lib_shutdown_signal_1               0x08000215   Thumb Code     0  libshutdown2.o(.ARM.Collect$$libshutdown$$0000000A)
    __rt_lib_shutdown_stdio_1                0x08000215   Thumb Code     0  libshutdown2.o(.ARM.Collect$$libshutdown$$00000004)
    __rt_lib_shutdown_user_alloc_1           0x08000215   Thumb Code     0  libshutdown2.o(.ARM.Collect$$libshutdown$$0000000C)
    __rt_entry                               0x08000217   Thumb Code     0  __rtentry.o(.ARM.Collect$$rtentry$$00000000)
    __rt_entry_presh_1                       0x08000217   Thumb Code     0  __rtentry2.o(.ARM.Collect$$rtentry$$00000002)
    __rt_entry_sh                            0x08000217   Thumb Code     0  __rtentry4.o(.ARM.Collect$$rtentry$$00000004)
    __rt_entry_li                            0x0800021d   Thumb Code     0  __rtentry2.o(.ARM.Collect$$rtentry$$0000000A)
    __rt_entry_postsh_1                      0x0800021d   Thumb Code     0  __rtentry2.o(.ARM.Collect$$rtentry$$00000009)
    __rt_entry_main                          0x08000221   Thumb Code     0  __rtentry2.o(.ARM.Collect$$rtentry$$0000000D)
    __rt_entry_postli_1                      0x08000221   Thumb Code     0  __rtentry2.o(.ARM.Collect$$rtentry$$0000000C)
    __rt_exit                                0x08000229   Thumb Code     0  rtexit.o(.ARM.Collect$$rtexit$$00000000)
    __rt_exit_ls                             0x0800022b   Thumb Code     0  rtexit2.o(.ARM.Collect$$rtexit$$00000003)
    __rt_exit_prels_1                        0x0800022b   Thumb Code     0  rtexit2.o(.ARM.Collect$$rtexit$$00000002)
    __rt_exit_exit                           0x0800022f   Thumb Code     0  rtexit2.o(.ARM.Collect$$rtexit$$00000004)
    Gizwits_Init                             0x08000235   Thumb Code    34  main.o(.text)
    userHandle                               0x08000257   Thumb Code   532  main.o(.text)
    main                                     0x0800046b   Thumb Code   172  main.o(.text)
    NMI_Handler                              0x08000539   Thumb Code     2  stm32f10x_it.o(.text)
    HardFault_Handler                        0x0800053b   Thumb Code     4  stm32f10x_it.o(.text)
    MemManage_Handler                        0x0800053f   Thumb Code     4  stm32f10x_it.o(.text)
    BusFault_Handler                         0x08000543   Thumb Code     4  stm32f10x_it.o(.text)
    UsageFault_Handler                       0x08000547   Thumb Code     4  stm32f10x_it.o(.text)
    SVC_Handler                              0x0800054b   Thumb Code     2  stm32f10x_it.o(.text)
    DebugMon_Handler                         0x0800054d   Thumb Code     2  stm32f10x_it.o(.text)
    PendSV_Handler                           0x0800054f   Thumb Code     2  stm32f10x_it.o(.text)
    SysTick_Handler                          0x08000551   Thumb Code     2  stm32f10x_it.o(.text)
    SystemInit                               0x08000633   Thumb Code    78  system_stm32f10x.o(.text)
    SystemCoreClockUpdate                    0x08000681   Thumb Code   142  system_stm32f10x.o(.text)
    LED_Init                                 0x08000735   Thumb Code    68  led.o(.text)
    TIM3_Int_Init                            0x08000781   Thumb Code    90  timer.o(.text)
    TIM3_IRQHandler                          0x080007db   Thumb Code    26  timer.o(.text)
    USART3_IRQHandler                        0x080007f9   Thumb Code    34  usart3.o(.text)
    usart3_init                              0x0800081b   Thumb Code   166  usart3.o(.text)
    BEEP_Init                                0x080008c9   Thumb Code    40  beep.o(.text)
    DHT11_Rst                                0x080008f5   Thumb Code    52  dht11.o(.text)
    DHT11_Check                              0x08000929   Thumb Code    96  dht11.o(.text)
    DHT11_Read_Bit                           0x08000989   Thumb Code    76  dht11.o(.text)
    DHT11_Read_Byte                          0x080009d5   Thumb Code    30  dht11.o(.text)
    DHT11_Read_Data                          0x080009f3   Thumb Code    88  dht11.o(.text)
    DHT11_Init                               0x08000a4b   Thumb Code    50  dht11.o(.text)
    IIC_Start                                0x08000a89   Thumb Code    36  oled.o(.text)
    IIC_Stop                                 0x08000aad   Thumb Code    28  oled.o(.text)
    IIC_Wait_Ack                             0x08000ac9   Thumb Code    20  oled.o(.text)
    Write_IIC_Byte                           0x08000add   Thumb Code    80  oled.o(.text)
    Write_IIC_Command                        0x08000b2d   Thumb Code    44  oled.o(.text)
    Write_IIC_Data                           0x08000b59   Thumb Code    44  oled.o(.text)
    OLED_WR_Byte                             0x08000b85   Thumb Code    24  oled.o(.text)
    fill_picture                             0x08000b9d   Thumb Code    64  oled.o(.text)
    Delay_50ms                               0x08000bdd   Thumb Code    22  oled.o(.text)
    Delay_1ms                                0x08000bf3   Thumb Code    26  oled.o(.text)
    OLED_Set_Pos                             0x08000c0d   Thumb Code    40  oled.o(.text)
    OLED_Display_On                          0x08000c35   Thumb Code    28  oled.o(.text)
    OLED_Display_Off                         0x08000c51   Thumb Code    28  oled.o(.text)
    OLED_Clear                               0x08000c6d   Thumb Code    62  oled.o(.text)
    OLED_On                                  0x08000cab   Thumb Code    62  oled.o(.text)
    OLED_ShowChar                            0x08000ce9   Thumb Code   154  oled.o(.text)
    oled_pow                                 0x08000d83   Thumb Code    22  oled.o(.text)
    OLED_ShowNum                             0x08000d99   Thumb Code   136  oled.o(.text)
    OLED_ShowString                          0x08000e21   Thumb Code    58  oled.o(.text)
    OLED_ShowCHinese                         0x08000e5b   Thumb Code   112  oled.o(.text)
    OLED_DrawBMP                             0x08000ecb   Thumb Code   118  oled.o(.text)
    OLED_Init                                0x08000f41   Thumb Code   264  oled.o(.text)
    Picture                                  0x08001049   Thumb Code    98  oled.o(.text)
    delay_init                               0x080010c5   Thumb Code    50  delay.o(.text)
    delay_us                                 0x080010f7   Thumb Code    72  delay.o(.text)
    delay_ms                                 0x0800113f   Thumb Code    72  delay.o(.text)
    _sys_exit                                0x08001199   Thumb Code     4  usart.o(.text)
    fputc                                    0x0800119d   Thumb Code    24  usart.o(.text)
    uart_init                                0x080011b5   Thumb Code   152  usart.o(.text)
    USART1_IRQHandler                        0x0800124d   Thumb Code    34  usart.o(.text)
    Reset_Handler                            0x08001279   Thumb Code     8  startup_stm32f10x_hd.o(.text)
    ADC1_2_IRQHandler                        0x08001293   Thumb Code     0  startup_stm32f10x_hd.o(.text)
    ADC3_IRQHandler                          0x08001293   Thumb Code     0  startup_stm32f10x_hd.o(.text)
    CAN1_RX1_IRQHandler                      0x08001293   Thumb Code     0  startup_stm32f10x_hd.o(.text)
    CAN1_SCE_IRQHandler                      0x08001293   Thumb Code     0  startup_stm32f10x_hd.o(.text)
    DMA1_Channel1_IRQHandler                 0x08001293   Thumb Code     0  startup_stm32f10x_hd.o(.text)
    DMA1_Channel2_IRQHandler                 0x08001293   Thumb Code     0  startup_stm32f10x_hd.o(.text)
    DMA1_Channel3_IRQHandler                 0x08001293   Thumb Code     0  startup_stm32f10x_hd.o(.text)
    DMA1_Channel4_IRQHandler                 0x08001293   Thumb Code     0  startup_stm32f10x_hd.o(.text)
    DMA1_Channel5_IRQHandler                 0x08001293   Thumb Code     0  startup_stm32f10x_hd.o(.text)
    DMA1_Channel6_IRQHandler                 0x08001293   Thumb Code     0  startup_stm32f10x_hd.o(.text)
    DMA1_Channel7_IRQHandler                 0x08001293   Thumb Code     0  startup_stm32f10x_hd.o(.text)
    DMA2_Channel1_IRQHandler                 0x08001293   Thumb Code     0  startup_stm32f10x_hd.o(.text)
    DMA2_Channel2_IRQHandler                 0x08001293   Thumb Code     0  startup_stm32f10x_hd.o(.text)
    DMA2_Channel3_IRQHandler                 0x08001293   Thumb Code     0  startup_stm32f10x_hd.o(.text)
    DMA2_Channel4_5_IRQHandler               0x08001293   Thumb Code     0  startup_stm32f10x_hd.o(.text)
    EXTI0_IRQHandler                         0x08001293   Thumb Code     0  startup_stm32f10x_hd.o(.text)
    EXTI15_10_IRQHandler                     0x08001293   Thumb Code     0  startup_stm32f10x_hd.o(.text)
    EXTI1_IRQHandler                         0x08001293   Thumb Code     0  startup_stm32f10x_hd.o(.text)
    EXTI2_IRQHandler                         0x08001293   Thumb Code     0  startup_stm32f10x_hd.o(.text)
    EXTI3_IRQHandler                         0x08001293   Thumb Code     0  startup_stm32f10x_hd.o(.text)
    EXTI4_IRQHandler                         0x08001293   Thumb Code     0  startup_stm32f10x_hd.o(.text)
    EXTI9_5_IRQHandler                       0x08001293   Thumb Code     0  startup_stm32f10x_hd.o(.text)
    FLASH_IRQHandler                         0x08001293   Thumb Code     0  startup_stm32f10x_hd.o(.text)
    FSMC_IRQHandler                          0x08001293   Thumb Code     0  startup_stm32f10x_hd.o(.text)
    I2C1_ER_IRQHandler                       0x08001293   Thumb Code     0  startup_stm32f10x_hd.o(.text)
    I2C1_EV_IRQHandler                       0x08001293   Thumb Code     0  startup_stm32f10x_hd.o(.text)
    I2C2_ER_IRQHandler                       0x08001293   Thumb Code     0  startup_stm32f10x_hd.o(.text)
    I2C2_EV_IRQHandler                       0x08001293   Thumb Code     0  startup_stm32f10x_hd.o(.text)
    PVD_IRQHandler                           0x08001293   Thumb Code     0  startup_stm32f10x_hd.o(.text)
    RCC_IRQHandler                           0x08001293   Thumb Code     0  startup_stm32f10x_hd.o(.text)
    RTCAlarm_IRQHandler                      0x08001293   Thumb Code     0  startup_stm32f10x_hd.o(.text)
    RTC_IRQHandler                           0x08001293   Thumb Code     0  startup_stm32f10x_hd.o(.text)
    SDIO_IRQHandler                          0x08001293   Thumb Code     0  startup_stm32f10x_hd.o(.text)
    SPI1_IRQHandler                          0x08001293   Thumb Code     0  startup_stm32f10x_hd.o(.text)
    SPI2_IRQHandler                          0x08001293   Thumb Code     0  startup_stm32f10x_hd.o(.text)
    SPI3_IRQHandler                          0x08001293   Thumb Code     0  startup_stm32f10x_hd.o(.text)
    TAMPER_IRQHandler                        0x08001293   Thumb Code     0  startup_stm32f10x_hd.o(.text)
    TIM1_BRK_IRQHandler                      0x08001293   Thumb Code     0  startup_stm32f10x_hd.o(.text)
    TIM1_CC_IRQHandler                       0x08001293   Thumb Code     0  startup_stm32f10x_hd.o(.text)
    TIM1_TRG_COM_IRQHandler                  0x08001293   Thumb Code     0  startup_stm32f10x_hd.o(.text)
    TIM1_UP_IRQHandler                       0x08001293   Thumb Code     0  startup_stm32f10x_hd.o(.text)
    TIM2_IRQHandler                          0x08001293   Thumb Code     0  startup_stm32f10x_hd.o(.text)
    TIM4_IRQHandler                          0x08001293   Thumb Code     0  startup_stm32f10x_hd.o(.text)
    TIM5_IRQHandler                          0x08001293   Thumb Code     0  startup_stm32f10x_hd.o(.text)
    TIM6_IRQHandler                          0x08001293   Thumb Code     0  startup_stm32f10x_hd.o(.text)
    TIM7_IRQHandler                          0x08001293   Thumb Code     0  startup_stm32f10x_hd.o(.text)
    TIM8_BRK_IRQHandler                      0x08001293   Thumb Code     0  startup_stm32f10x_hd.o(.text)
    TIM8_CC_IRQHandler                       0x08001293   Thumb Code     0  startup_stm32f10x_hd.o(.text)
    TIM8_TRG_COM_IRQHandler                  0x08001293   Thumb Code     0  startup_stm32f10x_hd.o(.text)
    TIM8_UP_IRQHandler                       0x08001293   Thumb Code     0  startup_stm32f10x_hd.o(.text)
    UART4_IRQHandler                         0x08001293   Thumb Code     0  startup_stm32f10x_hd.o(.text)
    UART5_IRQHandler                         0x08001293   Thumb Code     0  startup_stm32f10x_hd.o(.text)
    USART2_IRQHandler                        0x08001293   Thumb Code     0  startup_stm32f10x_hd.o(.text)
    USBWakeUp_IRQHandler                     0x08001293   Thumb Code     0  startup_stm32f10x_hd.o(.text)
    USB_HP_CAN1_TX_IRQHandler                0x08001293   Thumb Code     0  startup_stm32f10x_hd.o(.text)
    USB_LP_CAN1_RX0_IRQHandler               0x08001293   Thumb Code     0  startup_stm32f10x_hd.o(.text)
    WWDG_IRQHandler                          0x08001293   Thumb Code     0  startup_stm32f10x_hd.o(.text)
    __user_initial_stackheap                 0x08001295   Thumb Code     0  startup_stm32f10x_hd.o(.text)
    NVIC_PriorityGroupConfig                 0x080012b9   Thumb Code    10  misc.o(.text)
    NVIC_Init                                0x080012c3   Thumb Code   100  misc.o(.text)
    NVIC_SetVectorTable                      0x08001327   Thumb Code    14  misc.o(.text)
    NVIC_SystemLPConfig                      0x08001335   Thumb Code    34  misc.o(.text)
    SysTick_CLKSourceConfig                  0x08001357   Thumb Code    40  misc.o(.text)
    GPIO_DeInit                              0x08001395   Thumb Code   172  stm32f10x_gpio.o(.text)
    GPIO_AFIODeInit                          0x08001441   Thumb Code    20  stm32f10x_gpio.o(.text)
    GPIO_Init                                0x08001455   Thumb Code   278  stm32f10x_gpio.o(.text)
    GPIO_StructInit                          0x0800156b   Thumb Code    16  stm32f10x_gpio.o(.text)
    GPIO_ReadInputDataBit                    0x0800157b   Thumb Code    18  stm32f10x_gpio.o(.text)
    GPIO_ReadInputData                       0x0800158d   Thumb Code     8  stm32f10x_gpio.o(.text)
    GPIO_ReadOutputDataBit                   0x08001595   Thumb Code    18  stm32f10x_gpio.o(.text)
    GPIO_ReadOutputData                      0x080015a7   Thumb Code     8  stm32f10x_gpio.o(.text)
    GPIO_SetBits                             0x080015af   Thumb Code     4  stm32f10x_gpio.o(.text)
    GPIO_ResetBits                           0x080015b3   Thumb Code     4  stm32f10x_gpio.o(.text)
    GPIO_WriteBit                            0x080015b7   Thumb Code    10  stm32f10x_gpio.o(.text)
    GPIO_Write                               0x080015c1   Thumb Code     4  stm32f10x_gpio.o(.text)
    GPIO_PinLockConfig                       0x080015c5   Thumb Code    18  stm32f10x_gpio.o(.text)
    GPIO_EventOutputConfig                   0x080015d7   Thumb Code    26  stm32f10x_gpio.o(.text)
    GPIO_EventOutputCmd                      0x080015f1   Thumb Code     6  stm32f10x_gpio.o(.text)
    GPIO_PinRemapConfig                      0x080015f7   Thumb Code   138  stm32f10x_gpio.o(.text)
    GPIO_EXTILineConfig                      0x08001681   Thumb Code    66  stm32f10x_gpio.o(.text)
    GPIO_ETH_MediaInterfaceConfig            0x080016c3   Thumb Code     8  stm32f10x_gpio.o(.text)
    RCC_DeInit                               0x080016f1   Thumb Code    64  stm32f10x_rcc.o(.text)
    RCC_HSEConfig                            0x08001731   Thumb Code    70  stm32f10x_rcc.o(.text)
    RCC_GetFlagStatus                        0x08001777   Thumb Code    56  stm32f10x_rcc.o(.text)
    RCC_WaitForHSEStartUp                    0x080017af   Thumb Code    56  stm32f10x_rcc.o(.text)
    RCC_AdjustHSICalibrationValue            0x080017e7   Thumb Code    20  stm32f10x_rcc.o(.text)
    RCC_HSICmd                               0x080017fb   Thumb Code     6  stm32f10x_rcc.o(.text)
    RCC_PLLConfig                            0x08001801   Thumb Code    24  stm32f10x_rcc.o(.text)
    RCC_PLLCmd                               0x08001819   Thumb Code     6  stm32f10x_rcc.o(.text)
    RCC_SYSCLKConfig                         0x0800181f   Thumb Code    18  stm32f10x_rcc.o(.text)
    RCC_GetSYSCLKSource                      0x08001831   Thumb Code    10  stm32f10x_rcc.o(.text)
    RCC_HCLKConfig                           0x0800183b   Thumb Code    18  stm32f10x_rcc.o(.text)
    RCC_PCLK1Config                          0x0800184d   Thumb Code    18  stm32f10x_rcc.o(.text)
    RCC_PCLK2Config                          0x0800185f   Thumb Code    20  stm32f10x_rcc.o(.text)
    RCC_ITConfig                             0x08001873   Thumb Code    26  stm32f10x_rcc.o(.text)
    RCC_USBCLKConfig                         0x0800188d   Thumb Code     8  stm32f10x_rcc.o(.text)
    RCC_ADCCLKConfig                         0x08001895   Thumb Code    18  stm32f10x_rcc.o(.text)
    RCC_LSEConfig                            0x080018a7   Thumb Code    50  stm32f10x_rcc.o(.text)
    RCC_LSICmd                               0x080018d9   Thumb Code     6  stm32f10x_rcc.o(.text)
    RCC_RTCCLKConfig                         0x080018df   Thumb Code    12  stm32f10x_rcc.o(.text)
    RCC_RTCCLKCmd                            0x080018eb   Thumb Code     8  stm32f10x_rcc.o(.text)
    RCC_GetClocksFreq                        0x080018f3   Thumb Code   192  stm32f10x_rcc.o(.text)
    RCC_AHBPeriphClockCmd                    0x080019b3   Thumb Code    26  stm32f10x_rcc.o(.text)
    RCC_APB2PeriphClockCmd                   0x080019cd   Thumb Code    26  stm32f10x_rcc.o(.text)
    RCC_APB1PeriphClockCmd                   0x080019e7   Thumb Code    26  stm32f10x_rcc.o(.text)
    RCC_APB2PeriphResetCmd                   0x08001a01   Thumb Code    26  stm32f10x_rcc.o(.text)
    RCC_APB1PeriphResetCmd                   0x08001a1b   Thumb Code    26  stm32f10x_rcc.o(.text)
    RCC_BackupResetCmd                       0x08001a35   Thumb Code     8  stm32f10x_rcc.o(.text)
    RCC_ClockSecuritySystemCmd               0x08001a3d   Thumb Code     6  stm32f10x_rcc.o(.text)
    RCC_MCOConfig                            0x08001a43   Thumb Code     6  stm32f10x_rcc.o(.text)
    RCC_ClearFlag                            0x08001a49   Thumb Code    14  stm32f10x_rcc.o(.text)
    RCC_GetITStatus                          0x08001a57   Thumb Code    20  stm32f10x_rcc.o(.text)
    RCC_ClearITPendingBit                    0x08001a6b   Thumb Code     6  stm32f10x_rcc.o(.text)
    TIM_DeInit                               0x08001a95   Thumb Code   424  stm32f10x_tim.o(.text)
    TIM_TimeBaseInit                         0x08001c3d   Thumb Code   122  stm32f10x_tim.o(.text)
    TIM_OC1Init                              0x08001cb7   Thumb Code   132  stm32f10x_tim.o(.text)
    TIM_OC2Init                              0x08001d3b   Thumb Code   154  stm32f10x_tim.o(.text)
    TIM_OC3Init                              0x08001dd5   Thumb Code   150  stm32f10x_tim.o(.text)
    TIM_OC4Init                              0x08001e6b   Thumb Code   182  stm32f10x_tim.o(.text)
    TIM_SetIC4Prescaler                      0x08001f21   Thumb Code    26  stm32f10x_tim.o(.text)
    TIM_SetIC3Prescaler                      0x08001fbd   Thumb Code    18  stm32f10x_tim.o(.text)
    TIM_SetIC2Prescaler                      0x08002049   Thumb Code    26  stm32f10x_tim.o(.text)
    TIM_SetIC1Prescaler                      0x080020e5   Thumb Code    18  stm32f10x_tim.o(.text)
    TIM_ICInit                               0x08002163   Thumb Code   150  stm32f10x_tim.o(.text)
    TIM_PWMIConfig                           0x080021f9   Thumb Code   124  stm32f10x_tim.o(.text)
    TIM_BDTRConfig                           0x08002275   Thumb Code    32  stm32f10x_tim.o(.text)
    TIM_TimeBaseStructInit                   0x08002295   Thumb Code    18  stm32f10x_tim.o(.text)
    TIM_OCStructInit                         0x080022a7   Thumb Code    20  stm32f10x_tim.o(.text)
    TIM_ICStructInit                         0x080022bb   Thumb Code    18  stm32f10x_tim.o(.text)
    TIM_BDTRStructInit                       0x080022cd   Thumb Code    40  stm32f10x_tim.o(.text)
    TIM_Cmd                                  0x080022f5   Thumb Code    24  stm32f10x_tim.o(.text)
    TIM_CtrlPWMOutputs                       0x0800230d   Thumb Code    30  stm32f10x_tim.o(.text)
    TIM_ITConfig                             0x0800232b   Thumb Code    18  stm32f10x_tim.o(.text)
    TIM_GenerateEvent                        0x0800233d   Thumb Code     4  stm32f10x_tim.o(.text)
    TIM_DMAConfig                            0x08002341   Thumb Code    10  stm32f10x_tim.o(.text)
    TIM_DMACmd                               0x0800234b   Thumb Code    18  stm32f10x_tim.o(.text)
    TIM_InternalClockConfig                  0x0800235d   Thumb Code    12  stm32f10x_tim.o(.text)
    TIM_SelectInputTrigger                   0x08002369   Thumb Code    18  stm32f10x_tim.o(.text)
    TIM_ITRxExternalClockConfig              0x0800237b   Thumb Code    24  stm32f10x_tim.o(.text)
    TIM_TIxExternalClockConfig               0x08002393   Thumb Code    62  stm32f10x_tim.o(.text)
    TIM_ETRConfig                            0x080023d1   Thumb Code    28  stm32f10x_tim.o(.text)
    TIM_ETRClockMode1Config                  0x080023ed   Thumb Code    54  stm32f10x_tim.o(.text)
    TIM_ETRClockMode2Config                  0x08002423   Thumb Code    32  stm32f10x_tim.o(.text)
    TIM_PrescalerConfig                      0x08002443   Thumb Code     6  stm32f10x_tim.o(.text)
    TIM_CounterModeConfig                    0x08002449   Thumb Code    18  stm32f10x_tim.o(.text)
    TIM_EncoderInterfaceConfig               0x0800245b   Thumb Code    66  stm32f10x_tim.o(.text)
    TIM_ForcedOC1Config                      0x0800249d   Thumb Code    18  stm32f10x_tim.o(.text)
    TIM_ForcedOC2Config                      0x080024af   Thumb Code    26  stm32f10x_tim.o(.text)
    TIM_ForcedOC3Config                      0x080024c9   Thumb Code    18  stm32f10x_tim.o(.text)
    TIM_ForcedOC4Config                      0x080024db   Thumb Code    26  stm32f10x_tim.o(.text)
    TIM_ARRPreloadConfig                     0x080024f5   Thumb Code    24  stm32f10x_tim.o(.text)
    TIM_SelectCOM                            0x0800250d   Thumb Code    24  stm32f10x_tim.o(.text)
    TIM_SelectCCDMA                          0x08002525   Thumb Code    24  stm32f10x_tim.o(.text)
    TIM_CCPreloadControl                     0x0800253d   Thumb Code    24  stm32f10x_tim.o(.text)
    TIM_OC1PreloadConfig                     0x08002555   Thumb Code    18  stm32f10x_tim.o(.text)
    TIM_OC2PreloadConfig                     0x08002567   Thumb Code    26  stm32f10x_tim.o(.text)
    TIM_OC3PreloadConfig                     0x08002581   Thumb Code    18  stm32f10x_tim.o(.text)
    TIM_OC4PreloadConfig                     0x08002593   Thumb Code    26  stm32f10x_tim.o(.text)
    TIM_OC1FastConfig                        0x080025ad   Thumb Code    18  stm32f10x_tim.o(.text)
    TIM_OC2FastConfig                        0x080025bf   Thumb Code    26  stm32f10x_tim.o(.text)
    TIM_OC3FastConfig                        0x080025d9   Thumb Code    18  stm32f10x_tim.o(.text)
    TIM_OC4FastConfig                        0x080025eb   Thumb Code    26  stm32f10x_tim.o(.text)
    TIM_ClearOC1Ref                          0x08002605   Thumb Code    18  stm32f10x_tim.o(.text)
    TIM_ClearOC2Ref                          0x08002617   Thumb Code    24  stm32f10x_tim.o(.text)
    TIM_ClearOC3Ref                          0x0800262f   Thumb Code    18  stm32f10x_tim.o(.text)
    TIM_ClearOC4Ref                          0x08002641   Thumb Code    24  stm32f10x_tim.o(.text)
    TIM_OC1PolarityConfig                    0x08002659   Thumb Code    18  stm32f10x_tim.o(.text)
    TIM_OC1NPolarityConfig                   0x0800266b   Thumb Code    18  stm32f10x_tim.o(.text)
    TIM_OC2PolarityConfig                    0x0800267d   Thumb Code    26  stm32f10x_tim.o(.text)
    TIM_OC2NPolarityConfig                   0x08002697   Thumb Code    26  stm32f10x_tim.o(.text)
    TIM_OC3PolarityConfig                    0x080026b1   Thumb Code    26  stm32f10x_tim.o(.text)
    TIM_OC3NPolarityConfig                   0x080026cb   Thumb Code    26  stm32f10x_tim.o(.text)
    TIM_OC4PolarityConfig                    0x080026e5   Thumb Code    26  stm32f10x_tim.o(.text)
    TIM_CCxCmd                               0x080026ff   Thumb Code    30  stm32f10x_tim.o(.text)
    TIM_CCxNCmd                              0x0800271d   Thumb Code    30  stm32f10x_tim.o(.text)
    TIM_SelectOCxM                           0x0800273b   Thumb Code    82  stm32f10x_tim.o(.text)
    TIM_UpdateDisableConfig                  0x0800278d   Thumb Code    24  stm32f10x_tim.o(.text)
    TIM_UpdateRequestConfig                  0x080027a5   Thumb Code    24  stm32f10x_tim.o(.text)
    TIM_SelectHallSensor                     0x080027bd   Thumb Code    24  stm32f10x_tim.o(.text)
    TIM_SelectOnePulseMode                   0x080027d5   Thumb Code    18  stm32f10x_tim.o(.text)
    TIM_SelectOutputTrigger                  0x080027e7   Thumb Code    18  stm32f10x_tim.o(.text)
    TIM_SelectSlaveMode                      0x080027f9   Thumb Code    18  stm32f10x_tim.o(.text)
    TIM_SelectMasterSlaveMode                0x0800280b   Thumb Code    18  stm32f10x_tim.o(.text)
    TIM_SetCounter                           0x0800281d   Thumb Code     4  stm32f10x_tim.o(.text)
    TIM_SetAutoreload                        0x08002821   Thumb Code     4  stm32f10x_tim.o(.text)
    TIM_SetCompare1                          0x08002825   Thumb Code     4  stm32f10x_tim.o(.text)
    TIM_SetCompare2                          0x08002829   Thumb Code     4  stm32f10x_tim.o(.text)
    TIM_SetCompare3                          0x0800282d   Thumb Code     4  stm32f10x_tim.o(.text)
    TIM_SetCompare4                          0x08002831   Thumb Code     6  stm32f10x_tim.o(.text)
    TIM_SetClockDivision                     0x08002837   Thumb Code    18  stm32f10x_tim.o(.text)
    TIM_GetCapture1                          0x08002849   Thumb Code     6  stm32f10x_tim.o(.text)
    TIM_GetCapture2                          0x0800284f   Thumb Code     6  stm32f10x_tim.o(.text)
    TIM_GetCapture3                          0x08002855   Thumb Code     6  stm32f10x_tim.o(.text)
    TIM_GetCapture4                          0x0800285b   Thumb Code     8  stm32f10x_tim.o(.text)
    TIM_GetCounter                           0x08002863   Thumb Code     6  stm32f10x_tim.o(.text)
    TIM_GetPrescaler                         0x08002869   Thumb Code     6  stm32f10x_tim.o(.text)
    TIM_GetFlagStatus                        0x0800286f   Thumb Code    18  stm32f10x_tim.o(.text)
    TIM_ClearFlag                            0x08002881   Thumb Code     6  stm32f10x_tim.o(.text)
    TIM_GetITStatus                          0x08002887   Thumb Code    34  stm32f10x_tim.o(.text)
    TIM_ClearITPendingBit                    0x080028a9   Thumb Code     6  stm32f10x_tim.o(.text)
    USART_DeInit                             0x080028b1   Thumb Code   134  stm32f10x_usart.o(.text)
    USART_Init                               0x08002937   Thumb Code   210  stm32f10x_usart.o(.text)
    USART_StructInit                         0x08002a09   Thumb Code    24  stm32f10x_usart.o(.text)
    USART_ClockInit                          0x08002a21   Thumb Code    34  stm32f10x_usart.o(.text)
    USART_ClockStructInit                    0x08002a43   Thumb Code    12  stm32f10x_usart.o(.text)
    USART_Cmd                                0x08002a4f   Thumb Code    24  stm32f10x_usart.o(.text)
    USART_ITConfig                           0x08002a67   Thumb Code    74  stm32f10x_usart.o(.text)
    USART_DMACmd                             0x08002ab1   Thumb Code    18  stm32f10x_usart.o(.text)
    USART_SetAddress                         0x08002ac3   Thumb Code    18  stm32f10x_usart.o(.text)
    USART_WakeUpConfig                       0x08002ad5   Thumb Code    18  stm32f10x_usart.o(.text)
    USART_ReceiverWakeUpCmd                  0x08002ae7   Thumb Code    24  stm32f10x_usart.o(.text)
    USART_LINBreakDetectLengthConfig         0x08002aff   Thumb Code    18  stm32f10x_usart.o(.text)
    USART_LINCmd                             0x08002b11   Thumb Code    24  stm32f10x_usart.o(.text)
    USART_SendData                           0x08002b29   Thumb Code     8  stm32f10x_usart.o(.text)
    USART_ReceiveData                        0x08002b31   Thumb Code    10  stm32f10x_usart.o(.text)
    USART_SendBreak                          0x08002b3b   Thumb Code    10  stm32f10x_usart.o(.text)
    USART_SetGuardTime                       0x08002b45   Thumb Code    16  stm32f10x_usart.o(.text)
    USART_SetPrescaler                       0x08002b55   Thumb Code    16  stm32f10x_usart.o(.text)
    USART_SmartCardCmd                       0x08002b65   Thumb Code    24  stm32f10x_usart.o(.text)
    USART_SmartCardNACKCmd                   0x08002b7d   Thumb Code    24  stm32f10x_usart.o(.text)
    USART_HalfDuplexCmd                      0x08002b95   Thumb Code    24  stm32f10x_usart.o(.text)
    USART_OverSampling8Cmd                   0x08002bad   Thumb Code    22  stm32f10x_usart.o(.text)
    USART_OneBitMethodCmd                    0x08002bc3   Thumb Code    24  stm32f10x_usart.o(.text)
    USART_IrDAConfig                         0x08002bdb   Thumb Code    18  stm32f10x_usart.o(.text)
    USART_IrDACmd                            0x08002bed   Thumb Code    24  stm32f10x_usart.o(.text)
    USART_GetFlagStatus                      0x08002c05   Thumb Code    26  stm32f10x_usart.o(.text)
    USART_ClearFlag                          0x08002c1f   Thumb Code    18  stm32f10x_usart.o(.text)
    USART_GetITStatus                        0x08002c31   Thumb Code    84  stm32f10x_usart.o(.text)
    USART_ClearITPendingBit                  0x08002c85   Thumb Code    52  stm32f10x_usart.o(.text)
    gizwitsEventProcess                      0x08002cb9   Thumb Code   414  gizwits_product.o(.text)
    userInit                                 0x08002e57   Thumb Code    12  gizwits_product.o(.text)
    gizTimerMs                               0x08002e63   Thumb Code    22  gizwits_product.o(.text)
    gizGetTimerCount                         0x08002e79   Thumb Code     6  gizwits_product.o(.text)
    mcuRestart                               0x08002e7f   Thumb Code    38  gizwits_product.o(.text)
    uartWrite                                0x08002ea5   Thumb Code   144  gizwits_product.o(.text)
    gizPutData                               0x08003095   Thumb Code    52  gizwits_protocol.o(.text)
    gizwitsInit                              0x08004409   Thumb Code    46  gizwits_protocol.o(.text)
    gizwitsSetMode                           0x08004437   Thumb Code   992  gizwits_protocol.o(.text)
    gizwitsGetNTP                            0x08004817   Thumb Code    94  gizwits_protocol.o(.text)
    gizwitsGetModuleInfo                     0x08004875   Thumb Code   100  gizwits_protocol.o(.text)
    gizwitsHandle                            0x0800491b   Thumb Code   956  gizwits_protocol.o(.text)
    gizwitsPassthroughData                   0x08004cd7   Thumb Code   166  gizwits_protocol.o(.text)
    gizProtocolSum                           0x08004dad   Thumb Code    38  common.o(.text)
    exchangeBytes                            0x08004dd3   Thumb Code    26  common.o(.text)
    exchangeWord                             0x08004ded   Thumb Code    26  common.o(.text)
    char2hex                                 0x08004e07   Thumb Code   108  common.o(.text)
    checkStringIsNotZero                     0x08004e73   Thumb Code    46  common.o(.text)
    returnWeekDay                            0x08004ea1   Thumb Code   156  common.o(.text)
    returnNtp2Wt                             0x08004f89   Thumb Code   274  common.o(.text)
    str2Hex                                  0x0800509b   Thumb Code    80  common.o(.text)
    hex2Str                                  0x080050eb   Thumb Code    82  common.o(.text)
    gizByteOrderExchange                     0x08005145   Thumb Code    50  datapointtools.o(.text)
    gizY2X                                   0x08005177   Thumb Code    14  datapointtools.o(.text)
    gizX2Y                                   0x08005185   Thumb Code    12  datapointtools.o(.text)
    gizY2XFloat                              0x08005191   Thumb Code    42  datapointtools.o(.text)
    gizX2YFloat                              0x080051bb   Thumb Code    42  datapointtools.o(.text)
    gizAcrossByteJudge                       0x080051e5   Thumb Code    42  datapointtools.o(.text)
    gizVarlenCompressValue                   0x0800520f   Thumb Code   124  datapointtools.o(.text)
    gizVarlenDecompressionValue              0x0800528b   Thumb Code   196  datapointtools.o(.text)
    gizStandardDecompressionValue            0x0800534f   Thumb Code   194  datapointtools.o(.text)
    gizStandardCompressValue                 0x08005411   Thumb Code   128  datapointtools.o(.text)
    rbCreate                                 0x08005491   Thumb Code    22  ringbuffer.o(.text)
    rbDelete                                 0x080054a7   Thumb Code    24  ringbuffer.o(.text)
    rbCapacity                               0x080054bf   Thumb Code    14  ringbuffer.o(.text)
    rbCanRead                                0x080054cd   Thumb Code    56  ringbuffer.o(.text)
    rbCanWrite                               0x08005505   Thumb Code    30  ringbuffer.o(.text)
    rbRead                                   0x08005523   Thumb Code   162  ringbuffer.o(.text)
    rbWrite                                  0x080055c5   Thumb Code   154  ringbuffer.o(.text)
    Single_Write_BH1750                      0x08005661   Thumb Code    26  bh1750.o(.text)
    BH1750_Init                              0x0800567b   Thumb Code    14  bh1750.o(.text)
    BH1750_ReadOneTime                       0x08005689   Thumb Code    76  bh1750.o(.text)
    BH1750_ReadContinuous1                   0x080056d5   Thumb Code    98  bh1750.o(.text)
    BH1750_ReadContinuous2                   0x08005737   Thumb Code    76  bh1750.o(.text)
    BH1750_Multiple_Read                     0x08005783   Thumb Code    50  bh1750.o(.text)
    Conversion                               0x080057b5   Thumb Code    66  bh1750.o(.text)
    IIC_Config                               0x08005809   Thumb Code    50  iic.o(.text)
    IIC_Start1                               0x0800583b   Thumb Code    82  iic.o(.text)
    IIC_Stop1                                0x0800588d   Thumb Code    68  iic.o(.text)
    IIC_Wait_Ack1                            0x080058d1   Thumb Code    94  iic.o(.text)
    IIC_Ack                                  0x0800592f   Thumb Code    80  iic.o(.text)
    IIC_NAck                                 0x0800597f   Thumb Code    80  iic.o(.text)
    IIC_Send_Byte                            0x080059cf   Thumb Code   116  iic.o(.text)
    IIC_Read_Byte                            0x08005a43   Thumb Code   110  iic.o(.text)
    __use_no_semihosting                     0x08005abd   Thumb Code     2  use_no_semi_2.o(.text)
    toupper                                  0x08005abf   Thumb Code    30  toupper.o(.text)
    __2printf                                0x08005add   Thumb Code    20  noretval__2printf.o(.text)
    _printf_pre_padding                      0x08005af5   Thumb Code    44  _printf_pad.o(.text)
    _printf_post_padding                     0x08005b21   Thumb Code    34  _printf_pad.o(.text)
    _printf_int_dec                          0x08005b45   Thumb Code   104  _printf_dec.o(.text)
    _printf_int_hex                          0x08005bbd   Thumb Code    84  _printf_hex_int.o(.text)
    _printf_longlong_hex                     0x08005bbd   Thumb Code     0  _printf_hex_int.o(.text)
    __printf                                 0x08005c15   Thumb Code   308  __printf_flags_wp.o(.text)
    strlen                                   0x08005d4d   Thumb Code    62  strlen.o(.text)
    __aeabi_memcpy                           0x08005d8b   Thumb Code     0  rt_memcpy_v6.o(.text)
    __rt_memcpy                              0x08005d8b   Thumb Code   138  rt_memcpy_v6.o(.text)
    _memcpy_lastbytes                        0x08005df1   Thumb Code     0  rt_memcpy_v6.o(.text)
    __aeabi_memcpy4                          0x08005e15   Thumb Code     0  rt_memcpy_w.o(.text)
    __aeabi_memcpy8                          0x08005e15   Thumb Code     0  rt_memcpy_w.o(.text)
    __rt_memcpy_w                            0x08005e15   Thumb Code   100  rt_memcpy_w.o(.text)
    _memcpy_lastbytes_aligned                0x08005e5d   Thumb Code     0  rt_memcpy_w.o(.text)
    __aeabi_memclr                           0x08005e79   Thumb Code     0  rt_memclr.o(.text)
    __rt_memclr                              0x08005e79   Thumb Code    68  rt_memclr.o(.text)
    _memset                                  0x08005e7d   Thumb Code     0  rt_memclr.o(.text)
    __use_two_region_memory                  0x08005ebd   Thumb Code     2  heapauxi.o(.text)
    __rt_heap_escrow$2region                 0x08005ebf   Thumb Code     2  heapauxi.o(.text)
    __rt_heap_expand$2region                 0x08005ec1   Thumb Code     2  heapauxi.o(.text)
    __I$use$semihosting                      0x08005ec3   Thumb Code     0  use_no_semi.o(.text)
    __use_no_semihosting_swi                 0x08005ec3   Thumb Code     2  use_no_semi.o(.text)
    __rt_ctype_table                         0x08005ec5   Thumb Code    16  rt_ctype_table.o(.text)
    _printf_int_common                       0x08005ed5   Thumb Code   178  _printf_intcommon.o(.text)
    _printf_char_file                        0x08005f89   Thumb Code    32  _printf_char_file.o(.text)
    __aeabi_memclr4                          0x08005fad   Thumb Code     0  rt_memclr_w.o(.text)
    __aeabi_memclr8                          0x08005fad   Thumb Code     0  rt_memclr_w.o(.text)
    __rt_memclr_w                            0x08005fad   Thumb Code    78  rt_memclr_w.o(.text)
    _memset_w                                0x08005fb1   Thumb Code     0  rt_memclr_w.o(.text)
    __rt_locale                              0x08005ffd   Thumb Code     8  rt_locale_intlibspace.o(.text)
    _printf_char_common                      0x0800600f   Thumb Code    32  _printf_char_common.o(.text)
    ferror                                   0x08006035   Thumb Code     8  ferror.o(.text)
    __user_libspace                          0x0800603d   Thumb Code     8  libspace.o(.text)
    __user_perproc_libspace                  0x0800603d   Thumb Code     0  libspace.o(.text)
    __user_perthread_libspace                0x0800603d   Thumb Code     0  libspace.o(.text)
    __user_setup_stackheap                   0x08006045   Thumb Code    74  sys_stackheap_outer.o(.text)
    exit                                     0x0800608f   Thumb Code    18  exit.o(.text)
    strcmp                                   0x080060a1   Thumb Code   128  strcmpv7m.o(.text)
    _is_digit                                0x08006121   Thumb Code    14  __printf_wp.o(i._is_digit)
    _get_lc_ctype                            0x08006131   Thumb Code    44  lc_ctype_c.o(locale$$code)
    __aeabi_ddiv                             0x0800615d   Thumb Code     0  ddiv.o(x$fpl$ddiv)
    _ddiv                                    0x0800615d   Thumb Code   552  ddiv.o(x$fpl$ddiv)
    __aeabi_d2uiz                            0x0800640d   Thumb Code     0  dfixu.o(x$fpl$dfixu)
    _dfixu                                   0x0800640d   Thumb Code    90  dfixu.o(x$fpl$dfixu)
    __fpl_dnaninf                            0x08006467   Thumb Code   156  dnaninf.o(x$fpl$dnaninf)
    __fpl_dretinf                            0x08006503   Thumb Code    12  dretinf.o(x$fpl$dretinf)
    __aeabi_f2d                              0x08006511   Thumb Code     0  f2d.o(x$fpl$f2d)
    _f2d                                     0x08006511   Thumb Code    86  f2d.o(x$fpl$f2d)
    __aeabi_fadd                             0x08006569   Thumb Code     0  faddsub_clz.o(x$fpl$fadd)
    _fadd                                    0x08006569   Thumb Code   196  faddsub_clz.o(x$fpl$fadd)
    __aeabi_fdiv                             0x0800662d   Thumb Code     0  fdiv.o(x$fpl$fdiv)
    _fdiv                                    0x0800662d   Thumb Code   384  fdiv.o(x$fpl$fdiv)
    __aeabi_f2uiz                            0x080067b1   Thumb Code     0  ffixu.o(x$fpl$ffixu)
    _ffixu                                   0x080067b1   Thumb Code    62  ffixu.o(x$fpl$ffixu)
    __aeabi_ui2f                             0x080067f1   Thumb Code     0  fflt_clz.o(x$fpl$ffltu)
    _ffltu                                   0x080067f1   Thumb Code    38  fflt_clz.o(x$fpl$ffltu)
    __aeabi_fmul                             0x08006819   Thumb Code     0  fmul.o(x$fpl$fmul)
    _fmul                                    0x08006819   Thumb Code   258  fmul.o(x$fpl$fmul)
    __fpl_fnaninf                            0x0800691b   Thumb Code   140  fnaninf.o(x$fpl$fnaninf)
    __fpl_fretinf                            0x080069a7   Thumb Code    10  fretinf.o(x$fpl$fretinf)
    __aeabi_fsub                             0x080069b1   Thumb Code     0  faddsub_clz.o(x$fpl$fsub)
    _fsub                                    0x080069b1   Thumb Code   234  faddsub_clz.o(x$fpl$fsub)
    F6x8                                     0x08006a9a   Data         552  oled.o(.constdata)
    __I$use$fp                               0x08006a9a   Number         0  usenofp.o(x$fpl$usenofp)
    F8X16                                    0x08006cc2   Data        1520  oled.o(.constdata)
    Region$$Table$$Base                      0x08007320   Number         0  anon$$obj.o(Region$$Table)
    Region$$Table$$Limit                     0x08007340   Number         0  anon$$obj.o(Region$$Table)
    __ctype                                  0x0800734d   Data           0  lc_ctype_c.o(locale$$data)
    SystemCoreClock                          0x20000004   Data           4  system_stm32f10x.o(.data)
    AHBPrescTable                            0x20000008   Data          16  system_stm32f10x.o(.data)
    Hzk                                      0x20000018   Data         704  oled.o(.data)
    BMP1                                     0x200002d8   Data        1024  oled.o(.data)
    BMP2                                     0x200006d8   Data        1024  oled.o(.data)
    BMP3                                     0x20000ad8   Data        1024  oled.o(.data)
    BMP4                                     0x20000ed8   Data        1024  oled.o(.data)
    __stdout                                 0x200012dc   Data           4  usart.o(.data)
    USART_RX_STA                             0x200012e0   Data           2  usart.o(.data)
    aRxBuffer                                0x200012fc   Data           1  gizwits_product.o(.data)
    timeuser                                 0x200012fe   Data           2  gizwits_product.o(.data)
    BUF                                      0x20001310   Data           8  bh1750.o(.data)
    temp2                                    0x20001318   Data           2  bh1750.o(.data)
    currentDataPoint                         0x20001320   Data          29  main.o(.bss)
    gizwitsProtocol                          0x2000133d   Data         356  gizwits_protocol.o(.bss)
    pRb                                      0x200014a1   Data          16  gizwits_protocol.o(.bss)
    __libspace_start                         0x200014f0   Data          96  libspace.o(.bss)
    __temporary_stack_top$libspace           0x20001550   Data           0  libspace.o(.bss)



==============================================================================

Memory Map of the image

  Image Entry point : 0x08000131

  Load Region LR_IROM1 (Base: 0x08000000, Size: 0x00008770, Max: 0x00080000, ABSOLUTE, COMPRESSED[0x000078dc])

    Execution Region ER_IROM1 (Base: 0x08000000, Size: 0x00007450, Max: 0x00080000, ABSOLUTE)

    Base Addr    Size         Type   Attr      Idx    E Section Name        Object

    0x08000000   0x00000130   Data   RO          373    RESET               startup_stm32f10x_hd.o
    0x08000130   0x00000008   Code   RO          622  * !!!main             c_w.l(__main.o)
    0x08000138   0x00000034   Code   RO          847    !!!scatter          c_w.l(__scatter.o)
    0x0800016c   0x00000064   Code   RO          845    !!dclz77c           c_w.l(__dclz77c.o)
    0x080001d0   0x0000001c   Code   RO          849    !!handler_zi        c_w.l(__scatter_zi.o)
    0x080001ec   0x00000000   Code   RO          611    .ARM.Collect$$_printf_percent$$00000000  c_w.l(_printf_percent.o)
    0x080001ec   0x00000006   Code   RO          610    .ARM.Collect$$_printf_percent$$00000009  c_w.l(_printf_d.o)
    0x080001f2   0x00000006   Code   RO          609    .ARM.Collect$$_printf_percent$$0000000C  c_w.l(_printf_x.o)
    0x080001f8   0x00000004   Code   RO          665    .ARM.Collect$$_printf_percent$$00000017  c_w.l(_printf_percent_end.o)
    0x080001fc   0x00000002   Code   RO          722    .ARM.Collect$$libinit$$00000000  c_w.l(libinit.o)
    0x080001fe   0x00000000   Code   RO          724    .ARM.Collect$$libinit$$00000002  c_w.l(libinit2.o)
    0x080001fe   0x00000000   Code   RO          726    .ARM.Collect$$libinit$$00000004  c_w.l(libinit2.o)
    0x080001fe   0x00000000   Code   RO          729    .ARM.Collect$$libinit$$0000000A  c_w.l(libinit2.o)
    0x080001fe   0x00000000   Code   RO          731    .ARM.Collect$$libinit$$0000000C  c_w.l(libinit2.o)
    0x080001fe   0x00000000   Code   RO          733    .ARM.Collect$$libinit$$0000000E  c_w.l(libinit2.o)
    0x080001fe   0x00000006   Code   RO          734    .ARM.Collect$$libinit$$0000000F  c_w.l(libinit2.o)
    0x08000204   0x00000000   Code   RO          736    .ARM.Collect$$libinit$$00000011  c_w.l(libinit2.o)
    0x08000204   0x0000000c   Code   RO          737    .ARM.Collect$$libinit$$00000012  c_w.l(libinit2.o)
    0x08000210   0x00000000   Code   RO          738    .ARM.Collect$$libinit$$00000013  c_w.l(libinit2.o)
    0x08000210   0x00000000   Code   RO          740    .ARM.Collect$$libinit$$00000015  c_w.l(libinit2.o)
    0x08000210   0x00000000   Code   RO          742    .ARM.Collect$$libinit$$00000017  c_w.l(libinit2.o)
    0x08000210   0x00000000   Code   RO          744    .ARM.Collect$$libinit$$00000019  c_w.l(libinit2.o)
    0x08000210   0x00000000   Code   RO          746    .ARM.Collect$$libinit$$0000001B  c_w.l(libinit2.o)
    0x08000210   0x00000000   Code   RO          748    .ARM.Collect$$libinit$$0000001D  c_w.l(libinit2.o)
    0x08000210   0x00000000   Code   RO          750    .ARM.Collect$$libinit$$0000001F  c_w.l(libinit2.o)
    0x08000210   0x00000000   Code   RO          752    .ARM.Collect$$libinit$$00000021  c_w.l(libinit2.o)
    0x08000210   0x00000000   Code   RO          754    .ARM.Collect$$libinit$$00000023  c_w.l(libinit2.o)
    0x08000210   0x00000000   Code   RO          756    .ARM.Collect$$libinit$$00000025  c_w.l(libinit2.o)
    0x08000210   0x00000000   Code   RO          760    .ARM.Collect$$libinit$$0000002C  c_w.l(libinit2.o)
    0x08000210   0x00000000   Code   RO          762    .ARM.Collect$$libinit$$0000002E  c_w.l(libinit2.o)
    0x08000210   0x00000000   Code   RO          764    .ARM.Collect$$libinit$$00000030  c_w.l(libinit2.o)
    0x08000210   0x00000000   Code   RO          766    .ARM.Collect$$libinit$$00000032  c_w.l(libinit2.o)
    0x08000210   0x00000002   Code   RO          767    .ARM.Collect$$libinit$$00000033  c_w.l(libinit2.o)
    0x08000212   0x00000002   Code   RO          795    .ARM.Collect$$libshutdown$$00000000  c_w.l(libshutdown.o)
    0x08000214   0x00000000   Code   RO          804    .ARM.Collect$$libshutdown$$00000002  c_w.l(libshutdown2.o)
    0x08000214   0x00000000   Code   RO          806    .ARM.Collect$$libshutdown$$00000004  c_w.l(libshutdown2.o)
    0x08000214   0x00000000   Code   RO          809    .ARM.Collect$$libshutdown$$00000007  c_w.l(libshutdown2.o)
    0x08000214   0x00000000   Code   RO          812    .ARM.Collect$$libshutdown$$0000000A  c_w.l(libshutdown2.o)
    0x08000214   0x00000000   Code   RO          814    .ARM.Collect$$libshutdown$$0000000C  c_w.l(libshutdown2.o)
    0x08000214   0x00000000   Code   RO          817    .ARM.Collect$$libshutdown$$0000000F  c_w.l(libshutdown2.o)
    0x08000214   0x00000002   Code   RO          818    .ARM.Collect$$libshutdown$$00000010  c_w.l(libshutdown2.o)
    0x08000216   0x00000000   Code   RO          658    .ARM.Collect$$rtentry$$00000000  c_w.l(__rtentry.o)
    0x08000216   0x00000000   Code   RO          678    .ARM.Collect$$rtentry$$00000002  c_w.l(__rtentry2.o)
    0x08000216   0x00000006   Code   RO          690    .ARM.Collect$$rtentry$$00000004  c_w.l(__rtentry4.o)
    0x0800021c   0x00000000   Code   RO          680    .ARM.Collect$$rtentry$$00000009  c_w.l(__rtentry2.o)
    0x0800021c   0x00000004   Code   RO          681    .ARM.Collect$$rtentry$$0000000A  c_w.l(__rtentry2.o)
    0x08000220   0x00000000   Code   RO          683    .ARM.Collect$$rtentry$$0000000C  c_w.l(__rtentry2.o)
    0x08000220   0x00000008   Code   RO          684    .ARM.Collect$$rtentry$$0000000D  c_w.l(__rtentry2.o)
    0x08000228   0x00000002   Code   RO          768    .ARM.Collect$$rtexit$$00000000  c_w.l(rtexit.o)
    0x0800022a   0x00000000   Code   RO          775    .ARM.Collect$$rtexit$$00000002  c_w.l(rtexit2.o)
    0x0800022a   0x00000004   Code   RO          776    .ARM.Collect$$rtexit$$00000003  c_w.l(rtexit2.o)
    0x0800022e   0x00000006   Code   RO          777    .ARM.Collect$$rtexit$$00000004  c_w.l(rtexit2.o)
    0x08000234   0x00000304   Code   RO            1    .text               main.o
    0x08000538   0x0000001a   Code   RO          162    .text               stm32f10x_it.o
    0x08000552   0x00000002   PAD
    0x08000554   0x000001e0   Code   RO          203    .text               system_stm32f10x.o
    0x08000734   0x0000004c   Code   RO          221    .text               led.o
    0x08000780   0x00000078   Code   RO          233    .text               timer.o
    0x080007f8   0x000000d0   Code   RO          249    .text               usart3.o
    0x080008c8   0x0000002c   Code   RO          261    .text               beep.o
    0x080008f4   0x00000194   Code   RO          273    .text               dht11.o
    0x08000a88   0x0000063c   Code   RO          285    .text               oled.o
    0x080010c4   0x000000d4   Code   RO          307    .text               delay.o
    0x08001198   0x000000e0   Code   RO          338    .text               usart.o
    0x08001278   0x00000040   Code   RO          374    .text               startup_stm32f10x_hd.o
    0x080012b8   0x000000dc   Code   RO          378    .text               misc.o
    0x08001394   0x0000035c   Code   RO          390    .text               stm32f10x_gpio.o
    0x080016f0   0x000003a4   Code   RO          402    .text               stm32f10x_rcc.o
    0x08001a94   0x00000e1a   Code   RO          416    .text               stm32f10x_tim.o
    0x080028ae   0x00000002   PAD
    0x080028b0   0x00000408   Code   RO          428    .text               stm32f10x_usart.o
    0x08002cb8   0x000003dc   Code   RO          440    .text               gizwits_product.o
    0x08003094   0x00001d18   Code   RO          463    .text               gizwits_protocol.o
    0x08004dac   0x00000398   Code   RO          485    .text               common.o
    0x08005144   0x0000034c   Code   RO          498    .text               datapointtools.o
    0x08005490   0x000001ce   Code   RO          510    .text               ringbuffer.o
    0x0800565e   0x00000002   PAD
    0x08005660   0x000001a8   Code   RO          522    .text               bh1750.o
    0x08005808   0x000002b4   Code   RO          540    .text               iic.o
    0x08005abc   0x00000002   Code   RO          554    .text               c_w.l(use_no_semi_2.o)
    0x08005abe   0x0000001e   Code   RO          556    .text               c_w.l(toupper.o)
    0x08005adc   0x00000018   Code   RO          560    .text               c_w.l(noretval__2printf.o)
    0x08005af4   0x0000004e   Code   RO          564    .text               c_w.l(_printf_pad.o)
    0x08005b42   0x00000002   PAD
    0x08005b44   0x00000078   Code   RO          566    .text               c_w.l(_printf_dec.o)
    0x08005bbc   0x00000058   Code   RO          571    .text               c_w.l(_printf_hex_int.o)
    0x08005c14   0x00000138   Code   RO          601    .text               c_w.l(__printf_flags_wp.o)
    0x08005d4c   0x0000003e   Code   RO          612    .text               c_w.l(strlen.o)
    0x08005d8a   0x0000008a   Code   RO          614    .text               c_w.l(rt_memcpy_v6.o)
    0x08005e14   0x00000064   Code   RO          616    .text               c_w.l(rt_memcpy_w.o)
    0x08005e78   0x00000044   Code   RO          618    .text               c_w.l(rt_memclr.o)
    0x08005ebc   0x00000006   Code   RO          620    .text               c_w.l(heapauxi.o)
    0x08005ec2   0x00000002   Code   RO          656    .text               c_w.l(use_no_semi.o)
    0x08005ec4   0x00000010   Code   RO          659    .text               c_w.l(rt_ctype_table.o)
    0x08005ed4   0x000000b2   Code   RO          661    .text               c_w.l(_printf_intcommon.o)
    0x08005f86   0x00000002   PAD
    0x08005f88   0x00000024   Code   RO          663    .text               c_w.l(_printf_char_file.o)
    0x08005fac   0x0000004e   Code   RO          666    .text               c_w.l(rt_memclr_w.o)
    0x08005ffa   0x00000002   PAD
    0x08005ffc   0x00000008   Code   RO          695    .text               c_w.l(rt_locale_intlibspace.o)
    0x08006004   0x00000030   Code   RO          697    .text               c_w.l(_printf_char_common.o)
    0x08006034   0x00000008   Code   RO          699    .text               c_w.l(ferror.o)
    0x0800603c   0x00000008   Code   RO          706    .text               c_w.l(libspace.o)
    0x08006044   0x0000004a   Code   RO          709    .text               c_w.l(sys_stackheap_outer.o)
    0x0800608e   0x00000012   Code   RO          713    .text               c_w.l(exit.o)
    0x080060a0   0x00000080   Code   RO          715    .text               c_w.l(strcmpv7m.o)
    0x08006120   0x0000000e   Code   RO          599    i._is_digit         c_w.l(__printf_wp.o)
    0x0800612e   0x00000002   PAD
    0x08006130   0x0000002c   Code   RO          704    locale$$code        c_w.l(lc_ctype_c.o)
    0x0800615c   0x000002b0   Code   RO          625    x$fpl$ddiv          fz_ws.l(ddiv.o)
    0x0800640c   0x0000005a   Code   RO          628    x$fpl$dfixu         fz_ws.l(dfixu.o)
    0x08006466   0x0000009c   Code   RO          668    x$fpl$dnaninf       fz_ws.l(dnaninf.o)
    0x08006502   0x0000000c   Code   RO          670    x$fpl$dretinf       fz_ws.l(dretinf.o)
    0x0800650e   0x00000002   PAD
    0x08006510   0x00000056   Code   RO          632    x$fpl$f2d           fz_ws.l(f2d.o)
    0x08006566   0x00000002   PAD
    0x08006568   0x000000c4   Code   RO          634    x$fpl$fadd          fz_ws.l(faddsub_clz.o)
    0x0800662c   0x00000184   Code   RO          641    x$fpl$fdiv          fz_ws.l(fdiv.o)
    0x080067b0   0x0000003e   Code   RO          644    x$fpl$ffixu         fz_ws.l(ffixu.o)
    0x080067ee   0x00000002   PAD
    0x080067f0   0x00000026   Code   RO          648    x$fpl$ffltu         fz_ws.l(fflt_clz.o)
    0x08006816   0x00000002   PAD
    0x08006818   0x00000102   Code   RO          654    x$fpl$fmul          fz_ws.l(fmul.o)
    0x0800691a   0x0000008c   Code   RO          672    x$fpl$fnaninf       fz_ws.l(fnaninf.o)
    0x080069a6   0x0000000a   Code   RO          674    x$fpl$fretinf       fz_ws.l(fretinf.o)
    0x080069b0   0x000000ea   Code   RO          636    x$fpl$fsub          fz_ws.l(faddsub_clz.o)
    0x08006a9a   0x00000000   Code   RO          676    x$fpl$usenofp       fz_ws.l(usenofp.o)
    0x08006a9a   0x00000818   Data   RO          286    .constdata          oled.o
    0x080072b2   0x00000002   PAD
    0x080072b4   0x00000030   Data   RO          486    .constdata          common.o
    0x080072e4   0x00000028   Data   RO          572    .constdata          c_w.l(_printf_hex_int.o)
    0x0800730c   0x00000011   Data   RO          602    .constdata          c_w.l(__printf_flags_wp.o)
    0x0800731d   0x00000003   PAD
    0x08007320   0x00000020   Data   RO          843    Region$$Table       anon$$obj.o
    0x08007340   0x00000110   Data   RO          703    locale$$data        c_w.l(lc_ctype_c.o)


    Execution Region RW_IRAM1 (Base: 0x20000000, Size: 0x00002750, Max: 0x00010000, ABSOLUTE, COMPRESSED[0x0000048c])

    Base Addr    Size         Type   Attr      Idx    E Section Name        Object

    0x20000000   0x00000004   Data   RW            3    .data               main.o
    0x20000004   0x00000014   Data   RW          204    .data               system_stm32f10x.o
    0x20000018   0x000012c0   Data   RW          287    .data               oled.o
    0x200012d8   0x00000004   Data   RW          308    .data               delay.o
    0x200012dc   0x00000006   Data   RW          340    .data               usart.o
    0x200012e2   0x00000014   Data   RW          403    .data               stm32f10x_rcc.o
    0x200012f6   0x00000002   PAD
    0x200012f8   0x00000008   Data   RW          441    .data               gizwits_product.o
    0x20001300   0x00000010   Data   RW          465    .data               gizwits_protocol.o
    0x20001310   0x00000010   Data   RW          523    .data               bh1750.o
    0x20001320   0x0000001d   Zero   RW            2    .bss                main.o
    0x2000133d   0x000001b2   Zero   RW          464    .bss                gizwits_protocol.o
    0x200014ef   0x00000001   PAD
    0x200014f0   0x00000060   Zero   RW          707    .bss                c_w.l(libspace.o)
    0x20001550   0x00000200   Zero   RW          372    HEAP                startup_stm32f10x_hd.o
    0x20001750   0x00001000   Zero   RW          371    STACK               startup_stm32f10x_hd.o


==============================================================================

Image component sizes


      Code (inc. data)   RO Data    RW Data    ZI Data      Debug   Object Name

        44          4          0          0          0        488   beep.o
       424         18          0         16          0       2371   bh1750.o
       920          8         48          0          0       4241   common.o
       844          0          0          0          0       5362   datapointtools.o
       212         18          0          4          0       1047   delay.o
       404         12          0          0          0       2134   dht11.o
       988        376          0          8          0      18140   gizwits_product.o
      7448       2210          0         16        434      12414   gizwits_protocol.o
       692         12          0          0          0       1917   iic.o
        76          8          0          0          0        499   led.o
       772         34          0          4         29     264186   main.o
       220         22          0          0          0       1805   misc.o
      1596         40       2072       4800          0       7115   oled.o
       462          0          0          0          0       2619   ringbuffer.o
        64         26        304          0       4608        792   startup_stm32f10x_hd.o
       860         38          0          0          0       5737   stm32f10x_gpio.o
        26          0          0          0          0       1182   stm32f10x_it.o
       932         36          0         20          0       8920   stm32f10x_rcc.o
      3610         88          0          0          0      22848   stm32f10x_tim.o
      1032         22          0          0          0       8464   stm32f10x_usart.o
         0          0          0          0          0         32   sys.o
       480         38          0         20          0       1743   system_stm32f10x.o
       120          4          0          0          0        792   timer.o
       224         10          0          6          0       3102   usart.o
       208          8          0          0          0        876   usart3.o

    ----------------------------------------------------------------------
     22664       3032       2458       4896       5072     378826   Object Totals
         0          0         32          0          0          0   (incl. Generated)
         6          0          2          2          1          0   (incl. Padding)

    ----------------------------------------------------------------------

      Code (inc. data)   RO Data    RW Data    ZI Data      Debug   Library Member Name

       100          0          0          0          0          0   __dclz77c.o
         8          0          0          0          0         68   __main.o
       312          4         17          0          0         92   __printf_flags_wp.o
        14          0          0          0          0         68   __printf_wp.o
         0          0          0          0          0          0   __rtentry.o
        12          0          0          0          0          0   __rtentry2.o
         6          0          0          0          0          0   __rtentry4.o
        52          8          0          0          0          0   __scatter.o
        28          0          0          0          0          0   __scatter_zi.o
        48          6          0          0          0         96   _printf_char_common.o
        36          4          0          0          0         80   _printf_char_file.o
         6          0          0          0          0          0   _printf_d.o
       120         16          0          0          0         92   _printf_dec.o
        88          4         40          0          0         88   _printf_hex_int.o
       178          0          0          0          0         88   _printf_intcommon.o
        78          0          0          0          0        108   _printf_pad.o
         0          0          0          0          0          0   _printf_percent.o
         4          0          0          0          0          0   _printf_percent_end.o
         6          0          0          0          0          0   _printf_x.o
        18          0          0          0          0         80   exit.o
         8          0          0          0          0         68   ferror.o
         6          0          0          0          0        152   heapauxi.o
        44         10        272          0          0         76   lc_ctype_c.o
         2          0          0          0          0          0   libinit.o
        20          0          0          0          0          0   libinit2.o
         2          0          0          0          0          0   libshutdown.o
         2          0          0          0          0          0   libshutdown2.o
         8          4          0          0         96         68   libspace.o
        24          4          0          0          0         84   noretval__2printf.o
        16          4          0          0          0         76   rt_ctype_table.o
         8          4          0          0          0         68   rt_locale_intlibspace.o
        68          0          0          0          0         68   rt_memclr.o
        78          0          0          0          0         80   rt_memclr_w.o
       138          0          0          0          0         68   rt_memcpy_v6.o
       100          0          0          0          0         80   rt_memcpy_w.o
         2          0          0          0          0          0   rtexit.o
        10          0          0          0          0          0   rtexit2.o
       128          0          0          0          0         68   strcmpv7m.o
        62          0          0          0          0         76   strlen.o
        74          0          0          0          0         80   sys_stackheap_outer.o
        30          0          0          0          0         76   toupper.o
         2          0          0          0          0         68   use_no_semi.o
         2          0          0          0          0         68   use_no_semi_2.o
       688        140          0          0          0        208   ddiv.o
        90          4          0          0          0         92   dfixu.o
       156          4          0          0          0         92   dnaninf.o
        12          0          0          0          0         68   dretinf.o
        86          4          0          0          0         84   f2d.o
       430          8          0          0          0        168   faddsub_clz.o
       388         76          0          0          0         96   fdiv.o
        62          4          0          0          0         84   ffixu.o
        38          0          0          0          0         68   fflt_clz.o
       258          4          0          0          0         84   fmul.o
       140          4          0          0          0         84   fnaninf.o
        10          0          0          0          0         68   fretinf.o
         0          0          0          0          0          0   usenofp.o

    ----------------------------------------------------------------------
      4322        316        332          0         96       3380   Library Totals
        16          0          3          0          0          0   (incl. Padding)

    ----------------------------------------------------------------------

      Code (inc. data)   RO Data    RW Data    ZI Data      Debug   Library Name

      1948         68        329          0         96       2184   c_w.l
      2358        248          0          0          0       1196   fz_ws.l

    ----------------------------------------------------------------------
      4322        316        332          0         96       3380   Library Totals

    ----------------------------------------------------------------------

==============================================================================


      Code (inc. data)   RO Data    RW Data    ZI Data      Debug   

     26986       3348       2790       4896       5168     378510   Grand Totals
     26986       3348       2790       1164       5168     378510   ELF Image Totals (compressed)
     26986       3348       2790       1164          0          0   ROM Totals

==============================================================================

    Total RO  Size (Code + RO Data)                29776 (  29.08kB)
    Total RW  Size (RW Data + ZI Data)             10064 (   9.83kB)
    Total ROM Size (Code + RO Data + RW Data)      30940 (  30.21kB)

==============================================================================

