<html>
<body>
<pre>
<h1>礦ision Build Log</h1>
<h2>Tool Versions:</h2>
IDE-Version: μVision V5.21.1.0
Copyright (C) 2016 ARM Ltd and ARM Germany GmbH. All rights reserved.
License Information: 11 Administrator, 11, LIC=8VRDY-IM2Y6-114PY-IYM38-C4LU2-JASLW
 
Tool Versions:
Toolchain:       MDK-ARM Plus  Version: 5.21a
Toolchain Path:  H:\keil5\ARM\ARMCC\Bin
C Compiler:      Armcc.exe V5.06 update 3 (build 300)
Assembler:       Armasm.exe V5.06 update 3 (build 300)
Linker/Locator:  ArmLink.exe V5.06 update 3 (build 300)
Library Manager: ArmAr.exe V5.06 update 3 (build 300)
Hex Converter:   FromElf.exe V5.06 update 3 (build 300)
CPU DLL:         SARMCM3.DLL V5.21a
Dialog DLL:      DCM.DLL V1.13.8.0
Target DLL:      STLink\ST-LINKIII-KEIL_SWO.dll V2.0.18.0
Dialog DLL:      TCM.DLL V1.14.14.0
 
<h2>Project:</h2>
F:\嵌入式\课程资料\课程资料\209实训\Touch_Ex_2.8_test1\Touch_Ex_2.8_test1\STM32f103_Project.uvprojx
Project File Date:  12/19/2018

<h2>Output:</h2>
*** Using Compiler 'V5.06 update 3 (build 300)', folder: 'H:\keil5\ARM\ARMCC\Bin'
Build target 'Target 1'
assembling startup_stm32f10x_hd.s...
compiling core_cm3.c...
compiling misc.c...
compiling system_stm32f10x.c...
compiling stm32f10x_adc.c...
compiling stm32f10x_bkp.c...
compiling stm32f10x_cec.c...
compiling stm32f10x_can.c...
compiling stm32f10x_dbgmcu.c...
compiling stm32f10x_crc.c...
compiling stm32f10x_dac.c...
compiling stm32f10x_exti.c...
compiling stm32f10x_dma.c...
compiling stm32f10x_flash.c...
compiling stm32f10x_fsmc.c...
compiling stm32f10x_gpio.c...
compiling stm32f10x_i2c.c...
compiling stm32f10x_iwdg.c...
compiling stm32f10x_rcc.c...
compiling stm32f10x_pwr.c...
compiling stm32f10x_rtc.c...
compiling stm32f10x_spi.c...
compiling stm32f10x_sdio.c...
compiling stm32f10x_usart.c...
compiling stm32f10x_wwdg.c...
compiling stm32f10x_tim.c...
compiling systick.c...
compiling usart.c...
compiling gpio.c...
compiling ili9341.c...
compiling main.c...
User\Src\main.c(210): warning:  #167-D: argument of type "char *" is incompatible with parameter of type "const unsigned char *"
  		LCD_Dis_String(137,170,buf,0xf800,0xFFFF,1);  //??示?峁?
User\Src\main.c(225): warning:  #167-D: argument of type "char *" is incompatible with parameter of type "const unsigned char *"
  			LCD_Dis_String(137,191,buf,0xf800,0xFFFF,1);  //??示?峁?
User\Src\main.c: 2 warnings, 0 errors
compiling led.c...
compiling lcd_gui.c...
compiling touch.c...
compiling beep.c...
linking...
Program Size: Code=12824 RO-data=249120 RW-data=152 ZI-data=1080  
FromELF: creating hex file...
".\Objects\STM32f103_Project.axf" - 0 Error(s), 2 Warning(s).

<h2>Collection of Component include folders:</h2>
  F:\嵌入式\课程资料\课程资料\209实训\Touch_Ex_2.8_test1\Touch_Ex_2.8_test1\RTE
  H:\keil5\ARM\PACK\Keil\STM32F1xx_DFP\2.2.0\Device\Include

<h2>Collection of Component Files used:</h2>
Build Time Elapsed:  00:00:13
</pre>
</body>
</html>
